[2026-06-02 14:43:14] [INFO] ============================= MonitorDataTask 对象创建 =============================
[2026-06-02 14:43:15] [INFO] ============================= MonitorDataTask 启动 =============================
监听设备数: 80
启动时间: 2026-06-02 14:43:15
日志目录: scheduler/monitor_data_task
[2026-06-02 14:43:28] [INFO] ============================= MonitorDataTask 停止 =============================
运行时长: 12944 ms
监听设备数: 80
通讯总数: 0
成功数: 0
失败数: 0
解析失败数: 0
停止时间: 2026-06-02 14:43:28
[2026-06-02 15:06:41] [INFO] ============================= MonitorDataTask 对象创建 =============================
[2026-06-02 15:06:41] [INFO] ============================= MonitorDataTask 启动 =============================
监听设备数: 80
启动时间: 2026-06-02 15:06:41
日志目录: scheduler/monitor_data_task
[2026-06-02 15:07:03] [INFO] ============================= MonitorDataTask 停止 =============================
运行时长: 21786 ms
监听设备数: 80
通讯总数: 720
成功数: 400
失败数: 320
解析失败数: 0
停止时间: 2026-06-02 15:07:03
[2026-06-02 15:20:44] [INFO] ============================= MonitorDataTask 对象创建 =============================
[2026-06-02 15:20:45] [INFO] ============================= MonitorDataTask 启动 =============================
监听设备数: 80
启动时间: 2026-06-02 15:20:45
日志目录: scheduler/monitor_data_task
[2026-06-02 15:20:59] [INFO] ============================= MonitorDataTask 停止 =============================
运行时长: 14061 ms
监听设备数: 80
通讯总数: 0
成功数: 0
失败数: 0
解析失败数: 0
停止时间: 2026-06-02 15:20:59
[2026-06-02 15:30:04] [INFO] ============================= MonitorDataTask 对象创建 =============================
[2026-06-02 15:30:04] [INFO] ============================= MonitorDataTask 启动 =============================
监听设备数: 80
启动时间: 2026-06-02 15:30:04
日志目录: scheduler/monitor_data_task
[2026-06-02 15:30:29] [INFO] ============================= MonitorDataTask 停止 =============================
运行时长: 25777 ms
监听设备数: 80
通讯总数: 1040
成功数: 560
失败数: 480
解析失败数: 0
停止时间: 2026-06-02 15:30:29
[2026-06-02 15:30:47] [INFO] ============================= MonitorDataTask 对象创建 =============================
[2026-06-02 15:30:47] [INFO] ============================= MonitorDataTask 启动 =============================
监听设备数: 80
启动时间: 2026-06-02 15:30:47
日志目录: scheduler/monitor_data_task
[2026-06-02 15:31:35] [INFO] ============================= MonitorDataTask 停止 =============================
运行时长: 47428 ms
监听设备数: 80
通讯总数: 3222
成功数: 1622
失败数: 1600
解析失败数: 0
停止时间: 2026-06-02 15:31:35
[2026-06-02 15:31:37] [INFO] ============================= MonitorDataTask 对象创建 =============================
[2026-06-02 15:31:37] [INFO] ============================= MonitorDataTask 启动 =============================
监听设备数: 80
启动时间: 2026-06-02 15:31:37
日志目录: scheduler/monitor_data_task
[2026-06-02 15:31:57] [INFO] ============================= MonitorDataTask 停止 =============================
运行时长: 19371 ms
监听设备数: 80
通讯总数: 480
成功数: 240
失败数: 240
解析失败数: 0
停止时间: 2026-06-02 15:31:57
[2026-06-02 15:34:08] [INFO] ============================= MonitorDataTask 对象创建 =============================
[2026-06-02 15:34:09] [INFO] ============================= MonitorDataTask 启动 =============================
监听设备数: 80
启动时间: 2026-06-02 15:34:09
日志目录: scheduler/monitor_data_task
[2026-06-02 15:34:19] [INFO] ============================= MonitorDataTask 停止 =============================
运行时长: 10498 ms
监听设备数: 80
通讯总数: 2
成功数: 1
失败数: 1
解析失败数: 0
停止时间: 2026-06-02 15:34:19
[2026-06-02 15:36:28] [INFO] ============================= MonitorDataTask 对象创建 =============================
[2026-06-02 15:36:28] [INFO] ============================= MonitorDataTask 启动 =============================
监听设备数: 80
启动时间: 2026-06-02 15:36:28
日志目录: scheduler/monitor_data_task
[2026-06-02 15:36:56] [INFO] ============================= MonitorDataTask 停止 =============================
运行时长: 28192 ms
监听设备数: 80
通讯总数: 1360
成功数: 720
失败数: 640
解析失败数: 0
停止时间: 2026-06-02 15:36:56
[2026-06-02 15:37:12] [INFO] ============================= MonitorDataTask 对象创建 =============================
[2026-06-02 15:37:12] [INFO] ============================= MonitorDataTask 启动 =============================
监听设备数: 80
启动时间: 2026-06-02 15:37:12
日志目录: scheduler/monitor_data_task
[2026-06-02 15:37:23] [INFO] ============================= MonitorDataTask 停止 =============================
运行时长: 10503 ms
监听设备数: 80
通讯总数: 0
成功数: 0
失败数: 0
解析失败数: 0
停止时间: 2026-06-02 15:37:23
[2026-06-02 16:05:20] [INFO] ============================= MonitorDataTask 对象创建 =============================
[2026-06-02 16:05:20] [INFO] ============================= MonitorDataTask 启动 =============================
监听设备数: 80
启动时间: 2026-06-02 16:05:20
日志目录: scheduler/monitor_data_task
[2026-06-02 16:23:19] [INFO] ============================= MonitorDataTask 停止 =============================
运行时长: 1078340 ms
监听设备数: 80
通讯总数: 104258
成功数: 52156
失败数: 52102
解析失败数: 0
停止时间: 2026-06-02 16:23:19
[2026-06-02 16:44:52] [INFO] ============================= MonitorDataTask 对象创建 =============================
[2026-06-02 16:44:52] [INFO] ============================= MonitorDataTask 启动 =============================
监听设备数: 80
启动时间: 2026-06-02 16:44:52
日志目录: scheduler/monitor_data_task
[2026-06-02 17:16:34] [INFO] ============================= MonitorDataTask 停止 =============================
运行时长: 1901573 ms
监听设备数: 80
通讯总数: 185016
成功数: 92539
失败数: 92477
解析失败数: 0
停止时间: 2026-06-02 17:16:34
