[2026-06-04 09:18:27] [WARN] [SH85PeriodicSelfCheckTask] 周期自检轮次失败
轮次ID: 20260604_091827_618
开始时间: 2026-06-04 09:18:27
结束时间: 2026-06-04 09:18:27
总设备数: 80
参与设备数: 80
成功设备数: 0
失败设备数: 80
跳过设备数: 0
失败原因摘要:
- 设备未连接: 80 台
  设备: 12001, 12002, 12003, 12004, 12005, 12006, 12007, 12008, 12009, 12010, 12011, 12012, 12013, 12014, 12015, 12016, 12017, 12018, 12019, 12020, 12021, 12022, 12023, 12024, 12025, 12026, 12027, 12028, 12029, 12030, 12031, 12032, 12033, 12034, 12035, 12036, 12037, 12038, 12039, 12040, 12041, 12042, 12043, 12044, 12045, 12046, 12047, 12048, 12049, 12050, 12051, 12052, 12053, 12054, 12055, 12056, 12057, 12058, 12059, 12060, 12061, 12062, 12063, 12064, 12065, 12066, 12067, 12068, 12069, 12070, 12071, 12072, 12073, 12074, 12075, 12076, 12077, 12078, 12079, 12080
详细执行记录: 请在 self_check.log 搜索轮次ID 20260604_091827_618
[2026-06-04 18:58:30] [WARN] [SH85PeriodicSelfCheckTask] 周期自检轮次失败
轮次ID: 20260604_185830_263
开始时间: 2026-06-04 18:58:30
结束时间: 2026-06-04 18:58:30
总设备数: 80
参与设备数: 80
成功设备数: 0
失败设备数: 80
跳过设备数: 0
失败原因摘要:
- 设备未连接: 80 台
  设备: 12001, 12002, 12003, 12004, 12005, 12006, 12007, 12008, 12009, 12010, 12011, 12012, 12013, 12014, 12015, 12016, 12017, 12018, 12019, 12020, 12021, 12022, 12023, 12024, 12025, 12026, 12027, 12028, 12029, 12030, 12031, 12032, 12033, 12034, 12035, 12036, 12037, 12038, 12039, 12040, 12041, 12042, 12043, 12044, 12045, 12046, 12047, 12048, 12049, 12050, 12051, 12052, 12053, 12054, 12055, 12056, 12057, 12058, 12059, 12060, 12061, 12062, 12063, 12064, 12065, 12066, 12067, 12068, 12069, 12070, 12071, 12072, 12073, 12074, 12075, 12076, 12077, 12078, 12079, 12080
详细执行记录: 请在 self_check.log 搜索轮次ID 20260604_185830_263
