[2026-06-04 09:18:17] [INFO] 汇总计时器AlarmSummaryTimer开启。。。
[2026-06-04 09:18:17] [INFO] [startSummaryTimer] Summary timer started, interval=60000 ms
[2026-06-04 09:18:17] [INFO] [AlarmDispatchTask] 警报调度任务已构造
[2026-06-04 09:18:17] [WARN] [loadActiveFromDb] 警报日志数据库不可用，跳过恢复
[2026-06-04 09:18:17] [INFO] [startFoupAlarmSyncTimer] FOUP 告警状态刷新定时器已启动，interval=50 ms
[2026-06-04 09:18:17] [INFO] [start] 警报调度任务已启动，活跃警报数=0
[2026-06-04 09:19:17] [INFO] [2026-06-04 09:19:17.558] 当前未恢复错误汇总
Device Offline（80个）：12001，12002，12003，12004，12005，12006，12007，12008，12009，12010，12011，12012，12013，12014，12015，12016，12017，12018，12019，12020，12021，12022，12023，12024，12025，12026，12027，12028，12029，12030，12031，12032，12033，12034，12035，12036，12037，12038，12039，12040，12041，12042，12043，12044，12045，12046，12047，12048，12049，12050，12051，12052，12053，12054，12055，12056，12057，12058，12059，12060，12061，12062，12063，12064，12065，12066，12067，12068，12069，12070，12071，12072，12073，12074，12075，12076，12077，12078，12079，12080
[2026-06-04 09:20:17] [INFO] [2026-06-04 09:20:17.565] 当前未恢复错误汇总
Device Offline（80个）：12001，12002，12003，12004，12005，12006，12007，12008，12009，12010，12011，12012，12013，12014，12015，12016，12017，12018，12019，12020，12021，12022，12023，12024，12025，12026，12027，12028，12029，12030，12031，12032，12033，12034，12035，12036，12037，12038，12039，12040，12041，12042，12043，12044，12045，12046，12047，12048，12049，12050，12051，12052，12053，12054，12055，12056，12057，12058，12059，12060，12061，12062，12063，12064，12065，12066，12067，12068，12069，12070，12071，12072，12073，12074，12075，12076，12077，12078，12079，12080
[2026-06-04 09:21:17] [INFO] [2026-06-04 09:21:17.556] 当前未恢复错误汇总
Device Offline（80个）：12001，12002，12003，12004，12005，12006，12007，12008，12009，12010，12011，12012，12013，12014，12015，12016，12017，12018，12019，12020，12021，12022，12023，12024，12025，12026，12027，12028，12029，12030，12031，12032，12033，12034，12035，12036，12037，12038，12039，12040，12041，12042，12043，12044，12045，12046，12047，12048，12049，12050，12051，12052，12053，12054，12055，12056，12057，12058，12059，12060，12061，12062，12063，12064，12065，12066，12067，12068，12069，12070，12071，12072，12073，12074，12075，12076，12077，12078，12079，12080
[2026-06-04 09:22:01] [INFO] [stopFoupAlarmSyncTimer] FOUP 告警状态刷新定时器已停止
[2026-06-04 09:22:01] [INFO] [stop] 警报调度任务已停止
[2026-06-04 18:58:20] [INFO] 汇总计时器AlarmSummaryTimer开启。。。
[2026-06-04 18:58:20] [INFO] [startSummaryTimer] Summary timer started, interval=60000 ms
[2026-06-04 18:58:20] [INFO] [AlarmDispatchTask] 警报调度任务已构造
[2026-06-04 18:58:20] [WARN] [loadActiveFromDb] 警报日志数据库不可用，跳过恢复
[2026-06-04 18:58:20] [INFO] [startFoupAlarmSyncTimer] FOUP 告警状态刷新定时器已启动，interval=50 ms
[2026-06-04 18:58:20] [INFO] [start] 警报调度任务已启动，活跃警报数=0
[2026-06-04 18:59:12] [INFO] [stopFoupAlarmSyncTimer] FOUP 告警状态刷新定时器已停止
[2026-06-04 18:59:12] [INFO] [stop] 警报调度任务已停止
