[2026-06-03 08:42:28] [INFO] ============================= MonitorDataTask 对象创建 =============================
[2026-06-03 08:42:28] [INFO] ============================= MonitorDataTask 启动 =============================
监听设备数: 80
启动时间: 2026-06-03 08:42:28
日志目录: scheduler/monitor_data_task
[2026-06-03 08:44:56] [INFO] ============================= MonitorDataTask 停止 =============================
运行时长: 147763 ms
监听设备数: 80
通讯总数: 0
成功数: 0
失败数: 0
解析失败数: 0
停止时间: 2026-06-03 08:44:56
[2026-06-03 08:44:59] [INFO] ============================= MonitorDataTask 对象创建 =============================
[2026-06-03 08:45:00] [INFO] ============================= MonitorDataTask 启动 =============================
监听设备数: 80
启动时间: 2026-06-03 08:45:00
日志目录: scheduler/monitor_data_task
[2026-06-03 08:45:15] [INFO] ============================= MonitorDataTask 停止 =============================
运行时长: 15013 ms
监听设备数: 80
通讯总数: 0
成功数: 0
失败数: 0
解析失败数: 0
停止时间: 2026-06-03 08:45:15
[2026-06-03 08:45:18] [INFO] ============================= MonitorDataTask 对象创建 =============================
[2026-06-03 08:45:18] [INFO] ============================= MonitorDataTask 启动 =============================
监听设备数: 80
启动时间: 2026-06-03 08:45:18
日志目录: scheduler/monitor_data_task
[2026-06-03 08:53:39] [INFO] ============================= MonitorDataTask 停止 =============================
运行时长: 500848 ms
监听设备数: 80
通讯总数: 47470
成功数: 23773
失败数: 23697
解析失败数: 0
停止时间: 2026-06-03 08:53:39
[2026-06-03 09:00:21] [INFO] ============================= MonitorDataTask 对象创建 =============================
[2026-06-03 09:00:21] [INFO] ============================= MonitorDataTask 启动 =============================
监听设备数: 80
启动时间: 2026-06-03 09:00:21
日志目录: scheduler/monitor_data_task
[2026-06-03 09:00:42] [INFO] ============================= MonitorDataTask 停止 =============================
运行时长: 21327 ms
监听设备数: 80
通讯总数: 720
成功数: 400
失败数: 320
解析失败数: 0
停止时间: 2026-06-03 09:00:42
[2026-06-03 09:02:17] [INFO] ============================= MonitorDataTask 对象创建 =============================
[2026-06-03 09:02:17] [INFO] ============================= MonitorDataTask 启动 =============================
监听设备数: 80
启动时间: 2026-06-03 09:02:17
日志目录: scheduler/monitor_data_task
[2026-06-03 09:10:39] [INFO] ============================= MonitorDataTask 停止 =============================
运行时长: 501935 ms
监听设备数: 80
通讯总数: 47601
成功数: 23832
失败数: 23769
解析失败数: 0
停止时间: 2026-06-03 09:10:39
[2026-06-03 09:10:55] [INFO] ============================= MonitorDataTask 对象创建 =============================
[2026-06-03 09:10:55] [INFO] ============================= MonitorDataTask 启动 =============================
监听设备数: 80
启动时间: 2026-06-03 09:10:55
日志目录: scheduler/monitor_data_task
[2026-06-03 09:43:27] [INFO] ============================= MonitorDataTask 停止 =============================
运行时长: 1952252 ms
监听设备数: 80
通讯总数: 190063
成功数: 95063
失败数: 95000
解析失败数: 0
停止时间: 2026-06-03 09:43:27
[2026-06-03 09:46:06] [INFO] ============================= MonitorDataTask 对象创建 =============================
[2026-06-03 09:46:07] [INFO] ============================= MonitorDataTask 启动 =============================
监听设备数: 80
启动时间: 2026-06-03 09:46:07
日志目录: scheduler/monitor_data_task
[2026-06-03 09:46:12] [INFO] ============================= MonitorDataTask 停止 =============================
运行时长: 5245 ms
监听设备数: 80
通讯总数: 0
成功数: 0
失败数: 0
解析失败数: 0
停止时间: 2026-06-03 09:46:12
[2026-06-03 14:55:24] [INFO] ============================= MonitorDataTask 对象创建 =============================
[2026-06-03 14:55:24] [INFO] ============================= MonitorDataTask 启动 =============================
监听设备数: 80
启动时间: 2026-06-03 14:55:24
日志目录: scheduler/monitor_data_task
[2026-06-03 16:56:30] [INFO] ============================= MonitorDataTask 停止 =============================
运行时长: 7266046 ms
监听设备数: 80
通讯总数: 707874
成功数: 353973
失败数: 353901
解析失败数: 0
停止时间: 2026-06-03 16:56:30
[2026-06-03 16:56:37] [INFO] ============================= MonitorDataTask 对象创建 =============================
[2026-06-03 16:56:37] [INFO] ============================= MonitorDataTask 启动 =============================
监听设备数: 80
启动时间: 2026-06-03 16:56:37
日志目录: scheduler/monitor_data_task
[2026-06-03 17:44:28] [INFO] ============================= MonitorDataTask 停止 =============================
运行时长: 2870704 ms
监听设备数: 80
通讯总数: 276933
成功数: 138492
失败数: 138441
解析失败数: 0
停止时间: 2026-06-03 17:44:28
[2026-06-03 17:44:34] [INFO] ============================= MonitorDataTask 对象创建 =============================
[2026-06-03 17:44:35] [INFO] ============================= MonitorDataTask 启动 =============================
监听设备数: 80
启动时间: 2026-06-03 17:44:35
日志目录: scheduler/monitor_data_task
[2026-06-03 17:45:01] [INFO] ============================= MonitorDataTask 停止 =============================
运行时长: 26719 ms
监听设备数: 80
通讯总数: 1200
成功数: 640
失败数: 560
解析失败数: 0
停止时间: 2026-06-03 17:45:01
