[2026-06-02 14:43:14] [INFO] =============================Scheduler 调度器开始=============================
[2026-06-02 14:43:14] [INFO] [Scheduler][start] 调度器线程已启动
[2026-06-02 14:43:14] [INFO] [Scheduler][submitTask] 提交长驻任务: OperationDispatchTask taskId: 11f088fd-9958-4e78-8977-93c3f5e43f1f
[2026-06-02 14:43:14] [INFO] [Scheduler][submitTask] 提交长驻任务: AlarmDispatchTask taskId: 92f8936c-0945-4848-aa6a-f543ac3e05a3
[2026-06-02 14:43:14] [INFO] [Scheduler][submitTask] 提交长驻任务: NetworkStatusTask taskId: 9e6f3818-920c-4491-b53c-c31b113ff493
[2026-06-02 14:43:15] [INFO] [Scheduler][submitTask] 提交长驻任务: MonitorDataTask taskId: 57b3c6ce-2d3d-46a0-9a17-a12ea7c4eaf8
[2026-06-02 14:43:15] [INFO] [Scheduler][submitTask] 提交普通任务: SH85PeriodicSelfCheckTask taskId: 5f8abdd8-11d6-4c34-8abd-0a9b99513b3f
[2026-06-02 14:43:15] [INFO] [Scheduler][scheduleNext] 启动任务: SH85PeriodicSelfCheckTask taskId: 5f8abdd8-11d6-4c34-8abd-0a9b99513b3f
[2026-06-02 14:43:28] [WARN] [Scheduler][onTaskFinished] 任务完成: AlarmDispatchTask taskId: 92f8936c-0945-4848-aa6a-f543ac3e05a3 成功: 0 Alarm dispatcher stopped
[2026-06-02 14:43:28] [WARN] [Scheduler][onTaskFinished] 任务完成: OperationDispatchTask taskId: 11f088fd-9958-4e78-8977-93c3f5e43f1f 成功: 0 Operation log dispatcher stopped
[2026-06-02 14:43:28] [WARN] [Scheduler][onTaskFinished] 任务完成: MonitorDataTask taskId: 57b3c6ce-2d3d-46a0-9a17-a12ea7c4eaf8 成功: 0 监控任务被取消
[2026-06-02 14:43:28] [WARN] [Scheduler][onTaskFinished] 任务完成: NetworkStatusTask taskId: 9e6f3818-920c-4491-b53c-c31b113ff493 成功: 0 网络状态监控任务被取消
[2026-06-02 14:43:28] [INFO] [Scheduler][onTaskFinished] 任务完成: SH85PeriodicSelfCheckTask taskId: 5f8abdd8-11d6-4c34-8abd-0a9b99513b3f 成功: 1 SH85PeriodicSelfCheckTask stopped
[2026-06-02 14:43:28] [INFO] [Scheduler][stop] 调度器线程已停止
[2026-06-02 15:06:41] [INFO] =============================Scheduler 调度器开始=============================
[2026-06-02 15:06:41] [INFO] [Scheduler][start] 调度器线程已启动
[2026-06-02 15:06:41] [INFO] [Scheduler][submitTask] 提交长驻任务: OperationDispatchTask taskId: 62660435-b71f-4cd5-9fc7-5bc8a2381dc8
[2026-06-02 15:06:41] [INFO] [Scheduler][submitTask] 提交长驻任务: AlarmDispatchTask taskId: 21fbd99d-7569-4de5-8e05-35041e0b09e5
[2026-06-02 15:06:41] [INFO] [Scheduler][submitTask] 提交长驻任务: NetworkStatusTask taskId: dc4b6766-8b73-491f-ab79-7fe047fd4cda
[2026-06-02 15:06:41] [INFO] [Scheduler][submitTask] 提交长驻任务: MonitorDataTask taskId: 9a5421c7-42c8-4924-8a22-d74ce5ee51be
[2026-06-02 15:06:41] [INFO] [Scheduler][submitTask] 提交普通任务: SH85PeriodicSelfCheckTask taskId: 7e06cb3f-3a0f-4788-8c8e-91709050ed8a
[2026-06-02 15:06:41] [INFO] [Scheduler][scheduleNext] 启动任务: SH85PeriodicSelfCheckTask taskId: 7e06cb3f-3a0f-4788-8c8e-91709050ed8a
[2026-06-02 15:07:03] [WARN] [Scheduler][onTaskFinished] 任务完成: NetworkStatusTask taskId: dc4b6766-8b73-491f-ab79-7fe047fd4cda 成功: 0 网络状态监控任务被取消
[2026-06-02 15:07:03] [WARN] [Scheduler][onTaskFinished] 任务完成: AlarmDispatchTask taskId: 21fbd99d-7569-4de5-8e05-35041e0b09e5 成功: 0 Alarm dispatcher stopped
[2026-06-02 15:07:03] [WARN] [Scheduler][onTaskFinished] 任务完成: OperationDispatchTask taskId: 62660435-b71f-4cd5-9fc7-5bc8a2381dc8 成功: 0 Operation log dispatcher stopped
[2026-06-02 15:07:03] [WARN] [Scheduler][onTaskFinished] 任务完成: MonitorDataTask taskId: 9a5421c7-42c8-4924-8a22-d74ce5ee51be 成功: 0 监控任务被取消
[2026-06-02 15:07:03] [INFO] [Scheduler][onTaskFinished] 任务完成: SH85PeriodicSelfCheckTask taskId: 7e06cb3f-3a0f-4788-8c8e-91709050ed8a 成功: 1 SH85PeriodicSelfCheckTask stopped
[2026-06-02 15:07:03] [INFO] [Scheduler][stop] 调度器线程已停止
[2026-06-02 15:20:44] [INFO] =============================Scheduler 调度器开始=============================
[2026-06-02 15:20:44] [INFO] [Scheduler][start] 调度器线程已启动
[2026-06-02 15:20:44] [INFO] [Scheduler][submitTask] 提交长驻任务: OperationDispatchTask taskId: f9365db7-9636-43e3-b928-5cef95c2e311
[2026-06-02 15:20:44] [INFO] [Scheduler][submitTask] 提交长驻任务: AlarmDispatchTask taskId: 06d92570-d66c-4b3a-b75f-fc221c5c0f0d
[2026-06-02 15:20:44] [INFO] [Scheduler][submitTask] 提交长驻任务: NetworkStatusTask taskId: fb38b23a-602e-4533-84f9-ffabe2d4fa4d
[2026-06-02 15:20:45] [INFO] [Scheduler][submitTask] 提交长驻任务: MonitorDataTask taskId: fff7b60c-0332-4e10-b5f8-144598282755
[2026-06-02 15:20:45] [INFO] [Scheduler][submitTask] 提交普通任务: SH85PeriodicSelfCheckTask taskId: 7042d120-69c4-4578-aece-ec80e0409f18
[2026-06-02 15:20:45] [INFO] [Scheduler][scheduleNext] 启动任务: SH85PeriodicSelfCheckTask taskId: 7042d120-69c4-4578-aece-ec80e0409f18
[2026-06-02 15:20:50] [INFO] [Scheduler][submitTask] 提交普通任务: UserManagementTask taskId: 79a16701-2847-47cb-acd8-533b06fb713a
[2026-06-02 15:20:50] [INFO] [Scheduler][scheduleNext] 启动任务: UserManagementTask taskId: 79a16701-2847-47cb-acd8-533b06fb713a
[2026-06-02 15:20:50] [WARN] [Scheduler][onTaskFinished] 任务完成: UserManagementTask taskId: 79a16701-2847-47cb-acd8-533b06fb713a 成功: 0 登录失败: 密码错误
[2026-06-02 15:20:51] [INFO] [Scheduler][submitTask] 提交普通任务: UserManagementTask taskId: 3e69dd38-e33a-4850-bc76-6bc2e8b108ff
[2026-06-02 15:20:51] [INFO] [Scheduler][scheduleNext] 启动任务: UserManagementTask taskId: 3e69dd38-e33a-4850-bc76-6bc2e8b108ff
[2026-06-02 15:20:51] [INFO] [Scheduler][onTaskFinished] 任务完成: UserManagementTask taskId: 3e69dd38-e33a-4850-bc76-6bc2e8b108ff 成功: 1 登录成功: cytc
[2026-06-02 15:20:59] [WARN] [Scheduler][onTaskFinished] 任务完成: MonitorDataTask taskId: fff7b60c-0332-4e10-b5f8-144598282755 成功: 0 监控任务被取消
[2026-06-02 15:20:59] [WARN] [Scheduler][onTaskFinished] 任务完成: OperationDispatchTask taskId: f9365db7-9636-43e3-b928-5cef95c2e311 成功: 0 Operation log dispatcher stopped
[2026-06-02 15:20:59] [WARN] [Scheduler][onTaskFinished] 任务完成: NetworkStatusTask taskId: fb38b23a-602e-4533-84f9-ffabe2d4fa4d 成功: 0 网络状态监控任务被取消
[2026-06-02 15:20:59] [WARN] [Scheduler][onTaskFinished] 任务完成: AlarmDispatchTask taskId: 06d92570-d66c-4b3a-b75f-fc221c5c0f0d 成功: 0 Alarm dispatcher stopped
[2026-06-02 15:20:59] [INFO] [Scheduler][onTaskFinished] 任务完成: SH85PeriodicSelfCheckTask taskId: 7042d120-69c4-4578-aece-ec80e0409f18 成功: 1 SH85PeriodicSelfCheckTask stopped
[2026-06-02 15:20:59] [INFO] [Scheduler][stop] 调度器线程已停止
[2026-06-02 15:30:04] [INFO] =============================Scheduler 调度器开始=============================
[2026-06-02 15:30:04] [INFO] [Scheduler][start] 调度器线程已启动
[2026-06-02 15:30:04] [INFO] [Scheduler][submitTask] 提交长驻任务: OperationDispatchTask taskId: 0a982dc0-f054-4296-8954-857cc1bfd528
[2026-06-02 15:30:04] [INFO] [Scheduler][submitTask] 提交长驻任务: AlarmDispatchTask taskId: 4dccf1e1-8396-4d10-af6c-9097bbfa8f21
[2026-06-02 15:30:04] [INFO] [Scheduler][submitTask] 提交长驻任务: NetworkStatusTask taskId: 1ccfdb26-dc36-4ec6-adf4-0fff5c0ae5d5
[2026-06-02 15:30:04] [INFO] [Scheduler][submitTask] 提交长驻任务: MonitorDataTask taskId: a9856eb5-3cb6-4dce-be22-3ccd64836ae1
[2026-06-02 15:30:04] [INFO] [Scheduler][submitTask] 提交普通任务: SH85PeriodicSelfCheckTask taskId: cab2319d-7fbd-4a1a-988a-580e6fcdb359
[2026-06-02 15:30:04] [INFO] [Scheduler][scheduleNext] 启动任务: SH85PeriodicSelfCheckTask taskId: cab2319d-7fbd-4a1a-988a-580e6fcdb359
[2026-06-02 15:30:10] [INFO] [Scheduler][submitTask] 提交普通任务: UserManagementTask taskId: 4954e0af-7b96-4849-bae4-f2366f048aac
[2026-06-02 15:30:10] [INFO] [Scheduler][scheduleNext] 启动任务: UserManagementTask taskId: 4954e0af-7b96-4849-bae4-f2366f048aac
[2026-06-02 15:30:10] [INFO] [Scheduler][onTaskFinished] 任务完成: UserManagementTask taskId: 4954e0af-7b96-4849-bae4-f2366f048aac 成功: 1 登录成功: cytc
[2026-06-02 15:30:29] [WARN] [Scheduler][onTaskFinished] 任务完成: NetworkStatusTask taskId: 1ccfdb26-dc36-4ec6-adf4-0fff5c0ae5d5 成功: 0 网络状态监控任务被取消
[2026-06-02 15:30:29] [WARN] [Scheduler][onTaskFinished] 任务完成: MonitorDataTask taskId: a9856eb5-3cb6-4dce-be22-3ccd64836ae1 成功: 0 监控任务被取消
[2026-06-02 15:30:29] [WARN] [Scheduler][onTaskFinished] 任务完成: AlarmDispatchTask taskId: 4dccf1e1-8396-4d10-af6c-9097bbfa8f21 成功: 0 Alarm dispatcher stopped
[2026-06-02 15:30:29] [WARN] [Scheduler][onTaskFinished] 任务完成: OperationDispatchTask taskId: 0a982dc0-f054-4296-8954-857cc1bfd528 成功: 0 Operation log dispatcher stopped
[2026-06-02 15:30:29] [INFO] [Scheduler][onTaskFinished] 任务完成: SH85PeriodicSelfCheckTask taskId: cab2319d-7fbd-4a1a-988a-580e6fcdb359 成功: 1 SH85PeriodicSelfCheckTask stopped
[2026-06-02 15:30:29] [INFO] [Scheduler][stop] 调度器线程已停止
[2026-06-02 15:30:47] [INFO] =============================Scheduler 调度器开始=============================
[2026-06-02 15:30:47] [INFO] [Scheduler][start] 调度器线程已启动
[2026-06-02 15:30:47] [INFO] [Scheduler][submitTask] 提交长驻任务: OperationDispatchTask taskId: 4168763d-a5a5-4de6-a647-7ea07bccad63
[2026-06-02 15:30:47] [INFO] [Scheduler][submitTask] 提交长驻任务: AlarmDispatchTask taskId: 841824be-556b-4836-8d6b-2a8ba7cb7752
[2026-06-02 15:30:47] [INFO] [Scheduler][submitTask] 提交长驻任务: NetworkStatusTask taskId: bfa67732-282b-48f1-b516-1d5f892e59a2
[2026-06-02 15:30:47] [INFO] [Scheduler][submitTask] 提交长驻任务: MonitorDataTask taskId: 8fa4673e-c9b8-4701-9b78-17bff7cb025b
[2026-06-02 15:30:47] [INFO] [Scheduler][submitTask] 提交普通任务: SH85PeriodicSelfCheckTask taskId: f32df5d3-e373-43cf-bc76-a11b4215449c
[2026-06-02 15:30:47] [INFO] [Scheduler][scheduleNext] 启动任务: SH85PeriodicSelfCheckTask taskId: f32df5d3-e373-43cf-bc76-a11b4215449c
[2026-06-02 15:30:53] [INFO] [Scheduler][submitTask] 提交普通任务: UserManagementTask taskId: 220ffbd5-28a7-4b6c-91f3-fcfc9d9ed6e9
[2026-06-02 15:30:53] [INFO] [Scheduler][scheduleNext] 启动任务: UserManagementTask taskId: 220ffbd5-28a7-4b6c-91f3-fcfc9d9ed6e9
[2026-06-02 15:30:53] [INFO] [Scheduler][onTaskFinished] 任务完成: UserManagementTask taskId: 220ffbd5-28a7-4b6c-91f3-fcfc9d9ed6e9 成功: 1 登录成功: cytc
[2026-06-02 15:31:35] [WARN] [Scheduler][onTaskFinished] 任务完成: OperationDispatchTask taskId: 4168763d-a5a5-4de6-a647-7ea07bccad63 成功: 0 Operation log dispatcher stopped
[2026-06-02 15:31:35] [WARN] [Scheduler][onTaskFinished] 任务完成: NetworkStatusTask taskId: bfa67732-282b-48f1-b516-1d5f892e59a2 成功: 0 网络状态监控任务被取消
[2026-06-02 15:31:35] [WARN] [Scheduler][onTaskFinished] 任务完成: MonitorDataTask taskId: 8fa4673e-c9b8-4701-9b78-17bff7cb025b 成功: 0 监控任务被取消
[2026-06-02 15:31:35] [WARN] [Scheduler][onTaskFinished] 任务完成: AlarmDispatchTask taskId: 841824be-556b-4836-8d6b-2a8ba7cb7752 成功: 0 Alarm dispatcher stopped
[2026-06-02 15:31:35] [INFO] [Scheduler][onTaskFinished] 任务完成: SH85PeriodicSelfCheckTask taskId: f32df5d3-e373-43cf-bc76-a11b4215449c 成功: 1 SH85PeriodicSelfCheckTask stopped
[2026-06-02 15:31:35] [INFO] [Scheduler][stop] 调度器线程已停止
[2026-06-02 15:31:37] [INFO] =============================Scheduler 调度器开始=============================
[2026-06-02 15:31:37] [INFO] [Scheduler][start] 调度器线程已启动
[2026-06-02 15:31:37] [INFO] [Scheduler][submitTask] 提交长驻任务: OperationDispatchTask taskId: 17eac258-d872-438d-aa02-0cc8c8215986
[2026-06-02 15:31:37] [INFO] [Scheduler][submitTask] 提交长驻任务: AlarmDispatchTask taskId: 6a20115c-0d2a-480b-a774-7af394d021ce
[2026-06-02 15:31:37] [INFO] [Scheduler][submitTask] 提交长驻任务: NetworkStatusTask taskId: 9c37547d-c101-413a-96b8-97d8022b9de6
[2026-06-02 15:31:37] [INFO] [Scheduler][submitTask] 提交长驻任务: MonitorDataTask taskId: c969af92-0950-4a14-ba5b-ee054ba1f5bb
[2026-06-02 15:31:37] [INFO] [Scheduler][submitTask] 提交普通任务: SH85PeriodicSelfCheckTask taskId: 37363815-c57e-4e5f-a9f6-7bbb2ebae6db
[2026-06-02 15:31:37] [INFO] [Scheduler][scheduleNext] 启动任务: SH85PeriodicSelfCheckTask taskId: 37363815-c57e-4e5f-a9f6-7bbb2ebae6db
[2026-06-02 15:31:43] [INFO] [Scheduler][submitTask] 提交普通任务: UserManagementTask taskId: c1ff0abc-fb3b-4265-8db7-120aba8cf396
[2026-06-02 15:31:43] [INFO] [Scheduler][scheduleNext] 启动任务: UserManagementTask taskId: c1ff0abc-fb3b-4265-8db7-120aba8cf396
[2026-06-02 15:31:43] [INFO] [Scheduler][onTaskFinished] 任务完成: UserManagementTask taskId: c1ff0abc-fb3b-4265-8db7-120aba8cf396 成功: 1 登录成功: cytc
[2026-06-02 15:31:57] [WARN] [Scheduler][onTaskFinished] 任务完成: AlarmDispatchTask taskId: 6a20115c-0d2a-480b-a774-7af394d021ce 成功: 0 Alarm dispatcher stopped
[2026-06-02 15:31:57] [WARN] [Scheduler][onTaskFinished] 任务完成: OperationDispatchTask taskId: 17eac258-d872-438d-aa02-0cc8c8215986 成功: 0 Operation log dispatcher stopped
[2026-06-02 15:31:57] [WARN] [Scheduler][onTaskFinished] 任务完成: MonitorDataTask taskId: c969af92-0950-4a14-ba5b-ee054ba1f5bb 成功: 0 监控任务被取消
[2026-06-02 15:31:57] [WARN] [Scheduler][onTaskFinished] 任务完成: NetworkStatusTask taskId: 9c37547d-c101-413a-96b8-97d8022b9de6 成功: 0 网络状态监控任务被取消
[2026-06-02 15:31:57] [INFO] [Scheduler][onTaskFinished] 任务完成: SH85PeriodicSelfCheckTask taskId: 37363815-c57e-4e5f-a9f6-7bbb2ebae6db 成功: 1 SH85PeriodicSelfCheckTask stopped
[2026-06-02 15:31:57] [INFO] [Scheduler][stop] 调度器线程已停止
[2026-06-02 15:34:08] [INFO] =============================Scheduler 调度器开始=============================
[2026-06-02 15:34:08] [INFO] [Scheduler][start] 调度器线程已启动
[2026-06-02 15:34:08] [INFO] [Scheduler][submitTask] 提交长驻任务: OperationDispatchTask taskId: 50d5997c-52ad-461d-a196-e465554696b7
[2026-06-02 15:34:08] [INFO] [Scheduler][submitTask] 提交长驻任务: AlarmDispatchTask taskId: f55e4711-c997-47f4-80c7-fb9afaccbd81
[2026-06-02 15:34:08] [INFO] [Scheduler][submitTask] 提交长驻任务: NetworkStatusTask taskId: ac3a87ad-af32-4c2b-929f-da30c9e40fee
[2026-06-02 15:34:09] [INFO] [Scheduler][submitTask] 提交长驻任务: MonitorDataTask taskId: 20993846-6407-484f-9e1f-5434cac22dc1
[2026-06-02 15:34:09] [INFO] [Scheduler][submitTask] 提交普通任务: SH85PeriodicSelfCheckTask taskId: 17355642-ed03-4f15-9ba0-62257a76b256
[2026-06-02 15:34:09] [INFO] [Scheduler][scheduleNext] 启动任务: SH85PeriodicSelfCheckTask taskId: 17355642-ed03-4f15-9ba0-62257a76b256
[2026-06-02 15:34:15] [INFO] [Scheduler][submitTask] 提交普通任务: UserManagementTask taskId: 1c6db616-2d6c-4f85-81a0-1edabedf7a35
[2026-06-02 15:34:15] [INFO] [Scheduler][scheduleNext] 启动任务: UserManagementTask taskId: 1c6db616-2d6c-4f85-81a0-1edabedf7a35
[2026-06-02 15:34:15] [INFO] [Scheduler][onTaskFinished] 任务完成: UserManagementTask taskId: 1c6db616-2d6c-4f85-81a0-1edabedf7a35 成功: 1 登录成功: cytc
[2026-06-02 15:34:19] [WARN] [Scheduler][onTaskFinished] 任务完成: NetworkStatusTask taskId: ac3a87ad-af32-4c2b-929f-da30c9e40fee 成功: 0 网络状态监控任务被取消
[2026-06-02 15:34:19] [WARN] [Scheduler][onTaskFinished] 任务完成: AlarmDispatchTask taskId: f55e4711-c997-47f4-80c7-fb9afaccbd81 成功: 0 Alarm dispatcher stopped
[2026-06-02 15:34:19] [WARN] [Scheduler][onTaskFinished] 任务完成: OperationDispatchTask taskId: 50d5997c-52ad-461d-a196-e465554696b7 成功: 0 Operation log dispatcher stopped
[2026-06-02 15:34:19] [WARN] [Scheduler][onTaskFinished] 任务完成: MonitorDataTask taskId: 20993846-6407-484f-9e1f-5434cac22dc1 成功: 0 监控任务被取消
[2026-06-02 15:34:19] [INFO] [Scheduler][onTaskFinished] 任务完成: SH85PeriodicSelfCheckTask taskId: 17355642-ed03-4f15-9ba0-62257a76b256 成功: 1 SH85PeriodicSelfCheckTask stopped
[2026-06-02 15:34:19] [INFO] [Scheduler][stop] 调度器线程已停止
[2026-06-02 15:36:28] [INFO] =============================Scheduler 调度器开始=============================
[2026-06-02 15:36:28] [INFO] [Scheduler][start] 调度器线程已启动
[2026-06-02 15:36:28] [INFO] [Scheduler][submitTask] 提交长驻任务: OperationDispatchTask taskId: a050e735-89e2-4034-a8a6-82aba840e4b5
[2026-06-02 15:36:28] [INFO] [Scheduler][submitTask] 提交长驻任务: AlarmDispatchTask taskId: cc081fa6-9da5-443d-b544-3caaa3fe6dba
[2026-06-02 15:36:28] [INFO] [Scheduler][submitTask] 提交长驻任务: NetworkStatusTask taskId: 5a9662b7-c11b-40b6-a88b-230fde51d259
[2026-06-02 15:36:28] [INFO] [Scheduler][submitTask] 提交长驻任务: MonitorDataTask taskId: 7b5f7004-8ac5-4e8b-95b6-15fd88d737c2
[2026-06-02 15:36:28] [INFO] [Scheduler][submitTask] 提交普通任务: SH85PeriodicSelfCheckTask taskId: 1436d8e4-e075-4397-b644-8a0cafa850f6
[2026-06-02 15:36:28] [INFO] [Scheduler][scheduleNext] 启动任务: SH85PeriodicSelfCheckTask taskId: 1436d8e4-e075-4397-b644-8a0cafa850f6
[2026-06-02 15:36:36] [INFO] [Scheduler][submitTask] 提交普通任务: UserManagementTask taskId: 3f3b1ee9-27f9-41e1-9c02-f845aa78d734
[2026-06-02 15:36:36] [INFO] [Scheduler][scheduleNext] 启动任务: UserManagementTask taskId: 3f3b1ee9-27f9-41e1-9c02-f845aa78d734
[2026-06-02 15:36:36] [INFO] [Scheduler][onTaskFinished] 任务完成: UserManagementTask taskId: 3f3b1ee9-27f9-41e1-9c02-f845aa78d734 成功: 1 登录成功: cytc
[2026-06-02 15:36:56] [WARN] [Scheduler][onTaskFinished] 任务完成: OperationDispatchTask taskId: a050e735-89e2-4034-a8a6-82aba840e4b5 成功: 0 Operation log dispatcher stopped
[2026-06-02 15:36:56] [WARN] [Scheduler][onTaskFinished] 任务完成: MonitorDataTask taskId: 7b5f7004-8ac5-4e8b-95b6-15fd88d737c2 成功: 0 监控任务被取消
[2026-06-02 15:36:56] [WARN] [Scheduler][onTaskFinished] 任务完成: NetworkStatusTask taskId: 5a9662b7-c11b-40b6-a88b-230fde51d259 成功: 0 网络状态监控任务被取消
[2026-06-02 15:36:56] [WARN] [Scheduler][onTaskFinished] 任务完成: AlarmDispatchTask taskId: cc081fa6-9da5-443d-b544-3caaa3fe6dba 成功: 0 Alarm dispatcher stopped
[2026-06-02 15:36:56] [INFO] [Scheduler][onTaskFinished] 任务完成: SH85PeriodicSelfCheckTask taskId: 1436d8e4-e075-4397-b644-8a0cafa850f6 成功: 1 SH85PeriodicSelfCheckTask stopped
[2026-06-02 15:36:56] [INFO] [Scheduler][stop] 调度器线程已停止
[2026-06-02 15:37:12] [INFO] =============================Scheduler 调度器开始=============================
[2026-06-02 15:37:12] [INFO] [Scheduler][start] 调度器线程已启动
[2026-06-02 15:37:12] [INFO] [Scheduler][submitTask] 提交长驻任务: OperationDispatchTask taskId: a100ff4e-41b5-4f09-8063-61dd7213adf8
[2026-06-02 15:37:12] [INFO] [Scheduler][submitTask] 提交长驻任务: AlarmDispatchTask taskId: 0aa674aa-58e3-443a-a218-97520dfb4f90
[2026-06-02 15:37:12] [INFO] [Scheduler][submitTask] 提交长驻任务: NetworkStatusTask taskId: 9228c546-b13d-4e51-ac68-2c0f314d01db
[2026-06-02 15:37:12] [INFO] [Scheduler][submitTask] 提交长驻任务: MonitorDataTask taskId: e90389f9-0501-47d9-8eec-67d70e2a48cf
[2026-06-02 15:37:12] [INFO] [Scheduler][submitTask] 提交普通任务: SH85PeriodicSelfCheckTask taskId: 18270627-c8df-49fe-bbe1-4c153c6fae94
[2026-06-02 15:37:12] [INFO] [Scheduler][scheduleNext] 启动任务: SH85PeriodicSelfCheckTask taskId: 18270627-c8df-49fe-bbe1-4c153c6fae94
[2026-06-02 15:37:18] [INFO] [Scheduler][submitTask] 提交普通任务: UserManagementTask taskId: 8677822b-aa2f-4080-ba77-cddfc1818249
[2026-06-02 15:37:18] [INFO] [Scheduler][scheduleNext] 启动任务: UserManagementTask taskId: 8677822b-aa2f-4080-ba77-cddfc1818249
[2026-06-02 15:37:18] [INFO] [Scheduler][onTaskFinished] 任务完成: UserManagementTask taskId: 8677822b-aa2f-4080-ba77-cddfc1818249 成功: 1 登录成功: cytc
[2026-06-02 15:37:23] [WARN] [Scheduler][onTaskFinished] 任务完成: AlarmDispatchTask taskId: 0aa674aa-58e3-443a-a218-97520dfb4f90 成功: 0 Alarm dispatcher stopped
[2026-06-02 15:37:23] [WARN] [Scheduler][onTaskFinished] 任务完成: MonitorDataTask taskId: e90389f9-0501-47d9-8eec-67d70e2a48cf 成功: 0 监控任务被取消
[2026-06-02 15:37:23] [WARN] [Scheduler][onTaskFinished] 任务完成: OperationDispatchTask taskId: a100ff4e-41b5-4f09-8063-61dd7213adf8 成功: 0 Operation log dispatcher stopped
[2026-06-02 15:37:23] [WARN] [Scheduler][onTaskFinished] 任务完成: NetworkStatusTask taskId: 9228c546-b13d-4e51-ac68-2c0f314d01db 成功: 0 网络状态监控任务被取消
[2026-06-02 15:37:23] [INFO] [Scheduler][onTaskFinished] 任务完成: SH85PeriodicSelfCheckTask taskId: 18270627-c8df-49fe-bbe1-4c153c6fae94 成功: 1 SH85PeriodicSelfCheckTask stopped
[2026-06-02 15:37:23] [INFO] [Scheduler][stop] 调度器线程已停止
[2026-06-02 16:05:20] [INFO] =============================Scheduler 调度器开始=============================
[2026-06-02 16:05:20] [INFO] [Scheduler][start] 调度器线程已启动
[2026-06-02 16:05:20] [INFO] [Scheduler][submitTask] 提交长驻任务: OperationDispatchTask taskId: ebb4090c-b5c2-4465-a957-b5a0f8a64beb
[2026-06-02 16:05:20] [INFO] [Scheduler][submitTask] 提交长驻任务: AlarmDispatchTask taskId: e616a608-ec90-4c40-8629-3f754e8e1b15
[2026-06-02 16:05:20] [INFO] [Scheduler][submitTask] 提交长驻任务: NetworkStatusTask taskId: 682d71f2-3f23-4130-a48a-28952f6355d0
[2026-06-02 16:05:20] [INFO] [Scheduler][submitTask] 提交长驻任务: MonitorDataTask taskId: 64b94181-e189-4893-98f0-17b38eab4c24
[2026-06-02 16:05:20] [INFO] [Scheduler][submitTask] 提交普通任务: SH85PeriodicSelfCheckTask taskId: 79a88714-039a-4e2e-9f1e-4decb1ba9abb
[2026-06-02 16:05:20] [INFO] [Scheduler][scheduleNext] 启动任务: SH85PeriodicSelfCheckTask taskId: 79a88714-039a-4e2e-9f1e-4decb1ba9abb
[2026-06-02 16:05:27] [INFO] [Scheduler][submitTask] 提交普通任务: UserManagementTask taskId: 5140423a-972c-445e-afe1-10e8aee82867
[2026-06-02 16:05:27] [INFO] [Scheduler][scheduleNext] 启动任务: UserManagementTask taskId: 5140423a-972c-445e-afe1-10e8aee82867
[2026-06-02 16:05:27] [INFO] [Scheduler][onTaskFinished] 任务完成: UserManagementTask taskId: 5140423a-972c-445e-afe1-10e8aee82867 成功: 1 登录成功: cytc
[2026-06-02 16:23:19] [WARN] [Scheduler][onTaskFinished] 任务完成: MonitorDataTask taskId: 64b94181-e189-4893-98f0-17b38eab4c24 成功: 0 监控任务被取消
[2026-06-02 16:23:19] [WARN] [Scheduler][onTaskFinished] 任务完成: AlarmDispatchTask taskId: e616a608-ec90-4c40-8629-3f754e8e1b15 成功: 0 Alarm dispatcher stopped
[2026-06-02 16:23:19] [WARN] [Scheduler][onTaskFinished] 任务完成: OperationDispatchTask taskId: ebb4090c-b5c2-4465-a957-b5a0f8a64beb 成功: 0 Operation log dispatcher stopped
[2026-06-02 16:23:19] [WARN] [Scheduler][onTaskFinished] 任务完成: NetworkStatusTask taskId: 682d71f2-3f23-4130-a48a-28952f6355d0 成功: 0 网络状态监控任务被取消
[2026-06-02 16:23:19] [INFO] [Scheduler][onTaskFinished] 任务完成: SH85PeriodicSelfCheckTask taskId: 79a88714-039a-4e2e-9f1e-4decb1ba9abb 成功: 1 SH85PeriodicSelfCheckTask stopped
[2026-06-02 16:23:19] [INFO] [Scheduler][stop] 调度器线程已停止
[2026-06-02 16:44:52] [INFO] =============================Scheduler 调度器开始=============================
[2026-06-02 16:44:52] [INFO] [Scheduler][start] 调度器线程已启动
[2026-06-02 16:44:52] [INFO] [Scheduler][submitTask] 提交长驻任务: OperationDispatchTask taskId: af2d8065-40e6-4a49-b69b-20be8a307b8c
[2026-06-02 16:44:52] [INFO] [Scheduler][submitTask] 提交长驻任务: AlarmDispatchTask taskId: 8d556b78-3136-492b-803e-524b972bde10
[2026-06-02 16:44:52] [INFO] [Scheduler][submitTask] 提交长驻任务: NetworkStatusTask taskId: 882cf5ff-afcc-4066-aeff-e722d5a1277d
[2026-06-02 16:44:52] [INFO] [Scheduler][submitTask] 提交长驻任务: MonitorDataTask taskId: f8662b75-f6dd-4131-98e9-c61705fc3a36
[2026-06-02 16:44:52] [INFO] [Scheduler][submitTask] 提交普通任务: SH85PeriodicSelfCheckTask taskId: ac2c6ab4-93ae-457a-bd55-7eb56b6f39b9
[2026-06-02 16:44:52] [INFO] [Scheduler][scheduleNext] 启动任务: SH85PeriodicSelfCheckTask taskId: ac2c6ab4-93ae-457a-bd55-7eb56b6f39b9
[2026-06-02 16:44:59] [INFO] [Scheduler][submitTask] 提交普通任务: UserManagementTask taskId: e2934c21-1be8-451e-aacf-05af762350cd
[2026-06-02 16:44:59] [INFO] [Scheduler][scheduleNext] 启动任务: UserManagementTask taskId: e2934c21-1be8-451e-aacf-05af762350cd
[2026-06-02 16:44:59] [INFO] [Scheduler][onTaskFinished] 任务完成: UserManagementTask taskId: e2934c21-1be8-451e-aacf-05af762350cd 成功: 1 登录成功: cytc
[2026-06-02 17:16:32] [INFO] [Scheduler][submitTask] 提交普通任务: SetPneumaticValvePressureTask taskId: 87388f1e-14f7-41df-a3fa-f16630e2ac83
[2026-06-02 17:16:32] [INFO] [Scheduler][scheduleNext] 启动任务: SetPneumaticValvePressureTask taskId: 87388f1e-14f7-41df-a3fa-f16630e2ac83
[2026-06-02 17:16:34] [WARN] [Scheduler][onTaskFinished] 任务完成: OperationDispatchTask taskId: af2d8065-40e6-4a49-b69b-20be8a307b8c 成功: 0 Operation log dispatcher stopped
[2026-06-02 17:16:34] [WARN] [Scheduler][onTaskFinished] 任务完成: NetworkStatusTask taskId: 882cf5ff-afcc-4066-aeff-e722d5a1277d 成功: 0 网络状态监控任务被取消
[2026-06-02 17:16:34] [WARN] [Scheduler][onTaskFinished] 任务完成: MonitorDataTask taskId: f8662b75-f6dd-4131-98e9-c61705fc3a36 成功: 0 监控任务被取消
[2026-06-02 17:16:34] [WARN] [Scheduler][onTaskFinished] 任务完成: AlarmDispatchTask taskId: 8d556b78-3136-492b-803e-524b972bde10 成功: 0 Alarm dispatcher stopped
[2026-06-02 17:16:34] [INFO] [Scheduler][onTaskFinished] 任务完成: SH85PeriodicSelfCheckTask taskId: ac2c6ab4-93ae-457a-bd55-7eb56b6f39b9 成功: 1 SH85PeriodicSelfCheckTask stopped
[2026-06-02 17:16:34] [WARN] [Scheduler][onTaskFinished] 任务完成: SetPneumaticValvePressureTask taskId: 87388f1e-14f7-41df-a3fa-f16630e2ac83 成功: 0 SetPneumaticValvePressureTask: cancelled
[2026-06-02 17:16:34] [INFO] [Scheduler][stop] 调度器线程已停止
