[2026-06-02 14:43:28] [WARN] [Scheduler][onTaskFinished] 任务完成: AlarmDispatchTask taskId: 92f8936c-0945-4848-aa6a-f543ac3e05a3 成功: 0 Alarm dispatcher stopped
[2026-06-02 14:43:28] [WARN] [Scheduler][onTaskFinished] 任务完成: OperationDispatchTask taskId: 11f088fd-9958-4e78-8977-93c3f5e43f1f 成功: 0 Operation log dispatcher stopped
[2026-06-02 14:43:28] [WARN] [Scheduler][onTaskFinished] 任务完成: MonitorDataTask taskId: 57b3c6ce-2d3d-46a0-9a17-a12ea7c4eaf8 成功: 0 监控任务被取消
[2026-06-02 14:43:28] [WARN] [Scheduler][onTaskFinished] 任务完成: NetworkStatusTask taskId: 9e6f3818-920c-4491-b53c-c31b113ff493 成功: 0 网络状态监控任务被取消
[2026-06-02 15:07:03] [WARN] [Scheduler][onTaskFinished] 任务完成: NetworkStatusTask taskId: dc4b6766-8b73-491f-ab79-7fe047fd4cda 成功: 0 网络状态监控任务被取消
[2026-06-02 15:07:03] [WARN] [Scheduler][onTaskFinished] 任务完成: AlarmDispatchTask taskId: 21fbd99d-7569-4de5-8e05-35041e0b09e5 成功: 0 Alarm dispatcher stopped
[2026-06-02 15:07:03] [WARN] [Scheduler][onTaskFinished] 任务完成: OperationDispatchTask taskId: 62660435-b71f-4cd5-9fc7-5bc8a2381dc8 成功: 0 Operation log dispatcher stopped
[2026-06-02 15:07:03] [WARN] [Scheduler][onTaskFinished] 任务完成: MonitorDataTask taskId: 9a5421c7-42c8-4924-8a22-d74ce5ee51be 成功: 0 监控任务被取消
[2026-06-02 15:20:50] [WARN] [Scheduler][onTaskFinished] 任务完成: UserManagementTask taskId: 79a16701-2847-47cb-acd8-533b06fb713a 成功: 0 登录失败: 密码错误
[2026-06-02 15:20:59] [WARN] [Scheduler][onTaskFinished] 任务完成: MonitorDataTask taskId: fff7b60c-0332-4e10-b5f8-144598282755 成功: 0 监控任务被取消
[2026-06-02 15:20:59] [WARN] [Scheduler][onTaskFinished] 任务完成: OperationDispatchTask taskId: f9365db7-9636-43e3-b928-5cef95c2e311 成功: 0 Operation log dispatcher stopped
[2026-06-02 15:20:59] [WARN] [Scheduler][onTaskFinished] 任务完成: NetworkStatusTask taskId: fb38b23a-602e-4533-84f9-ffabe2d4fa4d 成功: 0 网络状态监控任务被取消
[2026-06-02 15:20:59] [WARN] [Scheduler][onTaskFinished] 任务完成: AlarmDispatchTask taskId: 06d92570-d66c-4b3a-b75f-fc221c5c0f0d 成功: 0 Alarm dispatcher stopped
[2026-06-02 15:30:29] [WARN] [Scheduler][onTaskFinished] 任务完成: NetworkStatusTask taskId: 1ccfdb26-dc36-4ec6-adf4-0fff5c0ae5d5 成功: 0 网络状态监控任务被取消
[2026-06-02 15:30:29] [WARN] [Scheduler][onTaskFinished] 任务完成: MonitorDataTask taskId: a9856eb5-3cb6-4dce-be22-3ccd64836ae1 成功: 0 监控任务被取消
[2026-06-02 15:30:29] [WARN] [Scheduler][onTaskFinished] 任务完成: AlarmDispatchTask taskId: 4dccf1e1-8396-4d10-af6c-9097bbfa8f21 成功: 0 Alarm dispatcher stopped
[2026-06-02 15:30:29] [WARN] [Scheduler][onTaskFinished] 任务完成: OperationDispatchTask taskId: 0a982dc0-f054-4296-8954-857cc1bfd528 成功: 0 Operation log dispatcher stopped
[2026-06-02 15:31:35] [WARN] [Scheduler][onTaskFinished] 任务完成: OperationDispatchTask taskId: 4168763d-a5a5-4de6-a647-7ea07bccad63 成功: 0 Operation log dispatcher stopped
[2026-06-02 15:31:35] [WARN] [Scheduler][onTaskFinished] 任务完成: NetworkStatusTask taskId: bfa67732-282b-48f1-b516-1d5f892e59a2 成功: 0 网络状态监控任务被取消
[2026-06-02 15:31:35] [WARN] [Scheduler][onTaskFinished] 任务完成: MonitorDataTask taskId: 8fa4673e-c9b8-4701-9b78-17bff7cb025b 成功: 0 监控任务被取消
[2026-06-02 15:31:35] [WARN] [Scheduler][onTaskFinished] 任务完成: AlarmDispatchTask taskId: 841824be-556b-4836-8d6b-2a8ba7cb7752 成功: 0 Alarm dispatcher stopped
[2026-06-02 15:31:57] [WARN] [Scheduler][onTaskFinished] 任务完成: AlarmDispatchTask taskId: 6a20115c-0d2a-480b-a774-7af394d021ce 成功: 0 Alarm dispatcher stopped
[2026-06-02 15:31:57] [WARN] [Scheduler][onTaskFinished] 任务完成: OperationDispatchTask taskId: 17eac258-d872-438d-aa02-0cc8c8215986 成功: 0 Operation log dispatcher stopped
[2026-06-02 15:31:57] [WARN] [Scheduler][onTaskFinished] 任务完成: MonitorDataTask taskId: c969af92-0950-4a14-ba5b-ee054ba1f5bb 成功: 0 监控任务被取消
[2026-06-02 15:31:57] [WARN] [Scheduler][onTaskFinished] 任务完成: NetworkStatusTask taskId: 9c37547d-c101-413a-96b8-97d8022b9de6 成功: 0 网络状态监控任务被取消
[2026-06-02 15:34:19] [WARN] [Scheduler][onTaskFinished] 任务完成: NetworkStatusTask taskId: ac3a87ad-af32-4c2b-929f-da30c9e40fee 成功: 0 网络状态监控任务被取消
[2026-06-02 15:34:19] [WARN] [Scheduler][onTaskFinished] 任务完成: AlarmDispatchTask taskId: f55e4711-c997-47f4-80c7-fb9afaccbd81 成功: 0 Alarm dispatcher stopped
[2026-06-02 15:34:19] [WARN] [Scheduler][onTaskFinished] 任务完成: OperationDispatchTask taskId: 50d5997c-52ad-461d-a196-e465554696b7 成功: 0 Operation log dispatcher stopped
[2026-06-02 15:34:19] [WARN] [Scheduler][onTaskFinished] 任务完成: MonitorDataTask taskId: 20993846-6407-484f-9e1f-5434cac22dc1 成功: 0 监控任务被取消
[2026-06-02 15:36:56] [WARN] [Scheduler][onTaskFinished] 任务完成: OperationDispatchTask taskId: a050e735-89e2-4034-a8a6-82aba840e4b5 成功: 0 Operation log dispatcher stopped
[2026-06-02 15:36:56] [WARN] [Scheduler][onTaskFinished] 任务完成: MonitorDataTask taskId: 7b5f7004-8ac5-4e8b-95b6-15fd88d737c2 成功: 0 监控任务被取消
[2026-06-02 15:36:56] [WARN] [Scheduler][onTaskFinished] 任务完成: NetworkStatusTask taskId: 5a9662b7-c11b-40b6-a88b-230fde51d259 成功: 0 网络状态监控任务被取消
[2026-06-02 15:36:56] [WARN] [Scheduler][onTaskFinished] 任务完成: AlarmDispatchTask taskId: cc081fa6-9da5-443d-b544-3caaa3fe6dba 成功: 0 Alarm dispatcher stopped
[2026-06-02 15:37:23] [WARN] [Scheduler][onTaskFinished] 任务完成: AlarmDispatchTask taskId: 0aa674aa-58e3-443a-a218-97520dfb4f90 成功: 0 Alarm dispatcher stopped
[2026-06-02 15:37:23] [WARN] [Scheduler][onTaskFinished] 任务完成: MonitorDataTask taskId: e90389f9-0501-47d9-8eec-67d70e2a48cf 成功: 0 监控任务被取消
[2026-06-02 15:37:23] [WARN] [Scheduler][onTaskFinished] 任务完成: OperationDispatchTask taskId: a100ff4e-41b5-4f09-8063-61dd7213adf8 成功: 0 Operation log dispatcher stopped
[2026-06-02 15:37:23] [WARN] [Scheduler][onTaskFinished] 任务完成: NetworkStatusTask taskId: 9228c546-b13d-4e51-ac68-2c0f314d01db 成功: 0 网络状态监控任务被取消
[2026-06-02 16:23:19] [WARN] [Scheduler][onTaskFinished] 任务完成: MonitorDataTask taskId: 64b94181-e189-4893-98f0-17b38eab4c24 成功: 0 监控任务被取消
[2026-06-02 16:23:19] [WARN] [Scheduler][onTaskFinished] 任务完成: AlarmDispatchTask taskId: e616a608-ec90-4c40-8629-3f754e8e1b15 成功: 0 Alarm dispatcher stopped
[2026-06-02 16:23:19] [WARN] [Scheduler][onTaskFinished] 任务完成: OperationDispatchTask taskId: ebb4090c-b5c2-4465-a957-b5a0f8a64beb 成功: 0 Operation log dispatcher stopped
[2026-06-02 16:23:19] [WARN] [Scheduler][onTaskFinished] 任务完成: NetworkStatusTask taskId: 682d71f2-3f23-4130-a48a-28952f6355d0 成功: 0 网络状态监控任务被取消
[2026-06-02 17:16:34] [WARN] [Scheduler][onTaskFinished] 任务完成: OperationDispatchTask taskId: af2d8065-40e6-4a49-b69b-20be8a307b8c 成功: 0 Operation log dispatcher stopped
[2026-06-02 17:16:34] [WARN] [Scheduler][onTaskFinished] 任务完成: NetworkStatusTask taskId: 882cf5ff-afcc-4066-aeff-e722d5a1277d 成功: 0 网络状态监控任务被取消
[2026-06-02 17:16:34] [WARN] [Scheduler][onTaskFinished] 任务完成: MonitorDataTask taskId: f8662b75-f6dd-4131-98e9-c61705fc3a36 成功: 0 监控任务被取消
[2026-06-02 17:16:34] [WARN] [Scheduler][onTaskFinished] 任务完成: AlarmDispatchTask taskId: 8d556b78-3136-492b-803e-524b972bde10 成功: 0 Alarm dispatcher stopped
[2026-06-02 17:16:34] [WARN] [Scheduler][onTaskFinished] 任务完成: SetPneumaticValvePressureTask taskId: 87388f1e-14f7-41df-a3fa-f16630e2ac83 成功: 0 SetPneumaticValvePressureTask: cancelled
