[2026-06-02 15:06:56] [WARN] [SH85PeriodicSelfCheckTask] 周期自检轮次失败
轮次ID: 20260602_150641_741
开始时间: 2026-06-02 15:06:41
结束时间: 2026-06-02 15:06:56
总设备数: 80
参与设备数: 80
成功设备数: 0
失败设备数: 80
跳过设备数: 0
失败原因摘要:
- 启动自检指令下发失败: 等待RTU响应超时: 80 台
  设备: 12001, 12002, 12003, 12004, 12005, 12006, 12007, 12008, 12009, 12010, 12011, 12012, 12013, 12014, 12015, 12016, 12017, 12018, 12019, 12020, 12021, 12022, 12023, 12024, 12025, 12026, 12027, 12028, 12029, 12030, 12031, 12032, 12033, 12034, 12035, 12036, 12037, 12038, 12039, 12040, 12041, 12042, 12043, 12044, 12045, 12046, 12047, 12048, 12049, 12050, 12051, 12052, 12053, 12054, 12055, 12056, 12057, 12058, 12059, 12060, 12061, 12062, 12063, 12064, 12065, 12066, 12067, 12068, 12069, 12070, 12071, 12072, 12073, 12074, 12075, 12076, 12077, 12078, 12079, 12080
详细执行记录: 请在 self_check.log 搜索轮次ID 20260602_150641_741
[2026-06-02 15:30:19] [WARN] [SH85PeriodicSelfCheckTask] 周期自检轮次失败
轮次ID: 20260602_153004_097
开始时间: 2026-06-02 15:30:04
结束时间: 2026-06-02 15:30:19
总设备数: 80
参与设备数: 80
成功设备数: 0
失败设备数: 80
跳过设备数: 0
失败原因摘要:
- 启动自检指令下发失败: 等待RTU响应超时: 80 台
  设备: 12001, 12002, 12003, 12004, 12005, 12006, 12007, 12008, 12009, 12010, 12011, 12012, 12013, 12014, 12015, 12016, 12017, 12018, 12019, 12020, 12021, 12022, 12023, 12024, 12025, 12026, 12027, 12028, 12029, 12030, 12031, 12032, 12033, 12034, 12035, 12036, 12037, 12038, 12039, 12040, 12041, 12042, 12043, 12044, 12045, 12046, 12047, 12048, 12049, 12050, 12051, 12052, 12053, 12054, 12055, 12056, 12057, 12058, 12059, 12060, 12061, 12062, 12063, 12064, 12065, 12066, 12067, 12068, 12069, 12070, 12071, 12072, 12073, 12074, 12075, 12076, 12077, 12078, 12079, 12080
详细执行记录: 请在 self_check.log 搜索轮次ID 20260602_153004_097
[2026-06-02 15:31:02] [WARN] [SH85PeriodicSelfCheckTask] 周期自检轮次失败
轮次ID: 20260602_153047_591
开始时间: 2026-06-02 15:30:47
结束时间: 2026-06-02 15:31:02
总设备数: 80
参与设备数: 80
成功设备数: 0
失败设备数: 80
跳过设备数: 0
失败原因摘要:
- 启动自检指令下发失败: 等待RTU响应超时: 80 台
  设备: 12001, 12002, 12003, 12004, 12005, 12006, 12007, 12008, 12009, 12010, 12011, 12012, 12013, 12014, 12015, 12016, 12017, 12018, 12019, 12020, 12021, 12022, 12023, 12024, 12025, 12026, 12027, 12028, 12029, 12030, 12031, 12032, 12033, 12034, 12035, 12036, 12037, 12038, 12039, 12040, 12041, 12042, 12043, 12044, 12045, 12046, 12047, 12048, 12049, 12050, 12051, 12052, 12053, 12054, 12055, 12056, 12057, 12058, 12059, 12060, 12061, 12062, 12063, 12064, 12065, 12066, 12067, 12068, 12069, 12070, 12071, 12072, 12073, 12074, 12075, 12076, 12077, 12078, 12079, 12080
详细执行记录: 请在 self_check.log 搜索轮次ID 20260602_153047_591
[2026-06-02 15:31:52] [WARN] [SH85PeriodicSelfCheckTask] 周期自检轮次失败
轮次ID: 20260602_153137_814
开始时间: 2026-06-02 15:31:37
结束时间: 2026-06-02 15:31:52
总设备数: 80
参与设备数: 80
成功设备数: 0
失败设备数: 80
跳过设备数: 0
失败原因摘要:
- 启动自检指令下发失败: 等待RTU响应超时: 80 台
  设备: 12001, 12002, 12003, 12004, 12005, 12006, 12007, 12008, 12009, 12010, 12011, 12012, 12013, 12014, 12015, 12016, 12017, 12018, 12019, 12020, 12021, 12022, 12023, 12024, 12025, 12026, 12027, 12028, 12029, 12030, 12031, 12032, 12033, 12034, 12035, 12036, 12037, 12038, 12039, 12040, 12041, 12042, 12043, 12044, 12045, 12046, 12047, 12048, 12049, 12050, 12051, 12052, 12053, 12054, 12055, 12056, 12057, 12058, 12059, 12060, 12061, 12062, 12063, 12064, 12065, 12066, 12067, 12068, 12069, 12070, 12071, 12072, 12073, 12074, 12075, 12076, 12077, 12078, 12079, 12080
详细执行记录: 请在 self_check.log 搜索轮次ID 20260602_153137_814
[2026-06-02 15:36:43] [WARN] [SH85PeriodicSelfCheckTask] 周期自检轮次失败
轮次ID: 20260602_153628_374
开始时间: 2026-06-02 15:36:28
结束时间: 2026-06-02 15:36:43
总设备数: 80
参与设备数: 80
成功设备数: 0
失败设备数: 80
跳过设备数: 0
失败原因摘要:
- 启动自检指令下发失败: 等待RTU响应超时: 80 台
  设备: 12001, 12002, 12003, 12004, 12005, 12006, 12007, 12008, 12009, 12010, 12011, 12012, 12013, 12014, 12015, 12016, 12017, 12018, 12019, 12020, 12021, 12022, 12023, 12024, 12025, 12026, 12027, 12028, 12029, 12030, 12031, 12032, 12033, 12034, 12035, 12036, 12037, 12038, 12039, 12040, 12041, 12042, 12043, 12044, 12045, 12046, 12047, 12048, 12049, 12050, 12051, 12052, 12053, 12054, 12055, 12056, 12057, 12058, 12059, 12060, 12061, 12062, 12063, 12064, 12065, 12066, 12067, 12068, 12069, 12070, 12071, 12072, 12073, 12074, 12075, 12076, 12077, 12078, 12079, 12080
详细执行记录: 请在 self_check.log 搜索轮次ID 20260602_153628_374
[2026-06-02 16:05:36] [WARN] [SH85PeriodicSelfCheckTask] 周期自检轮次失败
轮次ID: 20260602_160520_990
开始时间: 2026-06-02 16:05:20
结束时间: 2026-06-02 16:05:36
总设备数: 80
参与设备数: 80
成功设备数: 0
失败设备数: 80
跳过设备数: 0
失败原因摘要:
- 启动自检指令下发失败: 等待RTU响应超时: 80 台
  设备: 12001, 12002, 12003, 12004, 12005, 12006, 12007, 12008, 12009, 12010, 12011, 12012, 12013, 12014, 12015, 12016, 12017, 12018, 12019, 12020, 12021, 12022, 12023, 12024, 12025, 12026, 12027, 12028, 12029, 12030, 12031, 12032, 12033, 12034, 12035, 12036, 12037, 12038, 12039, 12040, 12041, 12042, 12043, 12044, 12045, 12046, 12047, 12048, 12049, 12050, 12051, 12052, 12053, 12054, 12055, 12056, 12057, 12058, 12059, 12060, 12061, 12062, 12063, 12064, 12065, 12066, 12067, 12068, 12069, 12070, 12071, 12072, 12073, 12074, 12075, 12076, 12077, 12078, 12079, 12080
详细执行记录: 请在 self_check.log 搜索轮次ID 20260602_160520_990
[2026-06-02 16:45:08] [WARN] [SH85PeriodicSelfCheckTask] 周期自检轮次失败
轮次ID: 20260602_164452_952
开始时间: 2026-06-02 16:44:52
结束时间: 2026-06-02 16:45:08
总设备数: 80
参与设备数: 80
成功设备数: 0
失败设备数: 80
跳过设备数: 0
失败原因摘要:
- 启动自检指令下发失败: 等待RTU响应超时: 80 台
  设备: 12001, 12002, 12003, 12004, 12005, 12006, 12007, 12008, 12009, 12010, 12011, 12012, 12013, 12014, 12015, 12016, 12017, 12018, 12019, 12020, 12021, 12022, 12023, 12024, 12025, 12026, 12027, 12028, 12029, 12030, 12031, 12032, 12033, 12034, 12035, 12036, 12037, 12038, 12039, 12040, 12041, 12042, 12043, 12044, 12045, 12046, 12047, 12048, 12049, 12050, 12051, 12052, 12053, 12054, 12055, 12056, 12057, 12058, 12059, 12060, 12061, 12062, 12063, 12064, 12065, 12066, 12067, 12068, 12069, 12070, 12071, 12072, 12073, 12074, 12075, 12076, 12077, 12078, 12079, 12080
详细执行记录: 请在 self_check.log 搜索轮次ID 20260602_164452_952
[2026-06-02 17:15:30] [WARN] [SH85PeriodicSelfCheckTask] 周期自检轮次失败
轮次ID: 20260602_171528_292
开始时间: 2026-06-02 17:15:28
结束时间: 2026-06-02 17:15:30
总设备数: 80
参与设备数: 40
成功设备数: 0
失败设备数: 40
跳过设备数: 40
失败原因摘要:
- 启动自检指令下发失败: 等待RTU响应超时: 40 台
  设备: 12001, 12003, 12006, 12008, 12009, 12011, 12012, 12015, 12018, 12019, 12020, 12022, 12026, 12027, 12031, 12032, 12033, 12035, 12036, 12037, 12038, 12042, 12044, 12045, 12048, 12050, 12054, 12055, 12058, 12059, 12062, 12065, 12067, 12069, 12070, 12071, 12073, 12077, 12079, 12080
详细执行记录: 请在 self_check.log 搜索轮次ID 20260602_171528_292
