[2026-06-02 15:06:41] [INFO] [scheduler][NetworkStatusTask][Summary][start]：网络状态任务启动，设备总数=80
[2026-06-02 15:06:41] [INFO] [scheduler][NetworkStatusTask][Summary][start]：初始化检查任务已启动
[2026-06-02 15:06:41] [INFO] [scheduler][NetworkStatusTask][Summary][start]：已批量启动自动重连，成功=80/80，失败=0
[2026-06-02 15:06:41] [INFO] [scheduler][NetworkStatusTask][Summary][start]：初始连接状态汇总：已连接=80，连接中=0，已断开=0，错误=0
[2026-06-02 15:06:41] [INFO] [scheduler][NetworkStatusTask][Summary][start]：网络状态任务启动完成，监听设备数=80
[2026-06-02 15:06:49] [INFO] [scheduler][NetworkStatusTask][Summary][onInitCheckFinished]：初始化检查完成，总数=80，成功=0，失败=80，失败设备=12009,12012,12002,12008,12011,12005,12007,12010,12006,12013,12003,12004,12017,12014,12022,12019,12021,12028,12016,12018,12020,12015,12001,12025,12031,12027,12039,12043,12035,12040,12030,12026,12029,12023,12024,12050,12042,12038,12032,12044,12041,12033,12037,12047,12036,12034,12052,12048,12051,12054,12069,12064,12065,12057,12049,12056,12058,12055,12045,12053,12046,12076,12074,12070,12073,12060,12061,12059,12063,12062,12072,12066,12079,12071,12078,12080,12077,12075,12067,12068
[2026-06-02 15:07:03] [INFO] [scheduler][NetworkStatusTask][Summary][disconnectAll]：断开所有信号连接（statusChanged=80, commandFinished=80），总数=160
[2026-06-02 15:07:03] [INFO] [scheduler][NetworkStatusTask][Summary][stop]：网络状态任务已停止
[2026-06-02 15:20:44] [INFO] [scheduler][NetworkStatusTask][Summary][start]：网络状态任务启动，设备总数=80
[2026-06-02 15:20:44] [INFO] [scheduler][NetworkStatusTask][Summary][start]：初始化检查任务已启动
[2026-06-02 15:20:45] [INFO] [scheduler][NetworkStatusTask][Summary][start]：已批量启动自动重连，成功=80/80，失败=0
[2026-06-02 15:20:45] [INFO] [scheduler][NetworkStatusTask][Summary][start]：初始连接状态汇总：已连接=69，连接中=9，已断开=2，错误=0
[2026-06-02 15:20:45] [INFO] [scheduler][NetworkStatusTask][Summary][start]：网络状态任务启动完成，监听设备数=80
[2026-06-02 15:20:53] [INFO] [scheduler][NetworkStatusTask][Summary][onInitCheckFinished]：初始化检查完成，总数=80，成功=0，失败=80，失败设备=12029,12028,12027,12035,12031,12001,12020,12032,12004,12015,12002,12030,12011,12021,12025,12022,12012,12014,12017,12019,12018,12016,12007,12006,12013,12005,12009,12026,12010,12008,12003,12033,12041,12043,12044,12023,12036,12024,12039,12034,12047,12055,12046,12054,12049,12050,12056,12053,12040,12042,12052,12048,12051,12038,12037,12058,12061,12045,12066,12065,12063,12057,12069,12077,12068,12076,12071,12078,12072,12075,12062,12064,12074,12070,12073,12060,12059,12067,12079,12080
[2026-06-02 15:20:59] [INFO] [scheduler][NetworkStatusTask][Summary][disconnectAll]：断开所有信号连接（statusChanged=80, commandFinished=80），总数=160
[2026-06-02 15:20:59] [INFO] [scheduler][NetworkStatusTask][Summary][stop]：网络状态任务已停止
[2026-06-02 15:30:04] [INFO] [scheduler][NetworkStatusTask][Summary][start]：网络状态任务启动，设备总数=80
[2026-06-02 15:30:04] [INFO] [scheduler][NetworkStatusTask][Summary][start]：初始化检查任务已启动
[2026-06-02 15:30:04] [INFO] [scheduler][NetworkStatusTask][Summary][start]：已批量启动自动重连，成功=80/80，失败=0
[2026-06-02 15:30:04] [INFO] [scheduler][NetworkStatusTask][Summary][start]：初始连接状态汇总：已连接=79，连接中=1，已断开=0，错误=0
[2026-06-02 15:30:04] [INFO] [scheduler][NetworkStatusTask][Summary][start]：网络状态任务启动完成，监听设备数=80
[2026-06-02 15:30:12] [INFO] [scheduler][NetworkStatusTask][Summary][onInitCheckFinished]：初始化检查完成，总数=80，成功=0，失败=80，失败设备=12020,12024,12030,12005,12021,12026,12019,12001,12010,12007,12013,12015,12016,12014,12012,12018,12003,12006,12039,12031,12011,12022,12042,12046,12023,12052,12048,12043,12041,12027,12032,12029,12035,12037,12036,12038,12034,12025,12040,12017,12028,12009,12033,12044,12002,12064,12045,12008,12004,12063,12065,12054,12051,12049,12057,12059,12080,12060,12078,12047,12062,12050,12061,12053,12077,12066,12067,12070,12068,12074,12076,12073,12071,12079,12058,12069,12056,12072,12055,12075
[2026-06-02 15:30:29] [INFO] [scheduler][NetworkStatusTask][Summary][disconnectAll]：断开所有信号连接（statusChanged=80, commandFinished=80），总数=160
[2026-06-02 15:30:29] [INFO] [scheduler][NetworkStatusTask][Summary][stop]：网络状态任务已停止
[2026-06-02 15:30:47] [INFO] [scheduler][NetworkStatusTask][Summary][start]：网络状态任务启动，设备总数=80
[2026-06-02 15:30:47] [INFO] [scheduler][NetworkStatusTask][Summary][start]：初始化检查任务已启动
[2026-06-02 15:30:47] [INFO] [scheduler][NetworkStatusTask][Summary][start]：已批量启动自动重连，成功=80/80，失败=0
[2026-06-02 15:30:47] [INFO] [scheduler][NetworkStatusTask][Summary][start]：初始连接状态汇总：已连接=77，连接中=2，已断开=1，错误=0
[2026-06-02 15:30:47] [INFO] [scheduler][NetworkStatusTask][Summary][start]：网络状态任务启动完成，监听设备数=80
[2026-06-02 15:30:55] [INFO] [scheduler][NetworkStatusTask][Summary][onInitCheckFinished]：初始化检查完成，总数=80，成功=0，失败=80，失败设备=12016,12005,12010,12003,12017,12006,12004,12018,12011,12013,12019,12008,12009,12012,12007,12014,12015,12001,12002,12020,12037,12040,12029,12042,12033,12026,12031,12035,12038,12028,12025,12041,12027,12022,12021,12024,12030,12061,12023,12032,12036,12034,12052,12050,12054,12053,12044,12043,12046,12056,12045,12048,12051,12055,12047,12058,12049,12057,12060,12039,12063,12062,12059,12064,12074,12072,12076,12075,12066,12065,12068,12078,12067,12070,12073,12077,12069,12080,12071,12079
[2026-06-02 15:31:35] [INFO] [scheduler][NetworkStatusTask][Summary][disconnectAll]：断开所有信号连接（statusChanged=80, commandFinished=80），总数=160
[2026-06-02 15:31:35] [INFO] [scheduler][NetworkStatusTask][Summary][stop]：网络状态任务已停止
[2026-06-02 15:31:37] [INFO] [scheduler][NetworkStatusTask][Summary][start]：网络状态任务启动，设备总数=80
[2026-06-02 15:31:37] [INFO] [scheduler][NetworkStatusTask][Summary][start]：初始化检查任务已启动
[2026-06-02 15:31:37] [INFO] [scheduler][NetworkStatusTask][Summary][start]：已批量启动自动重连，成功=80/80，失败=0
[2026-06-02 15:31:37] [INFO] [scheduler][NetworkStatusTask][Summary][start]：初始连接状态汇总：已连接=80，连接中=0，已断开=0，错误=0
[2026-06-02 15:31:37] [INFO] [scheduler][NetworkStatusTask][Summary][start]：网络状态任务启动完成，监听设备数=80
[2026-06-02 15:31:45] [INFO] [scheduler][NetworkStatusTask][Summary][onInitCheckFinished]：初始化检查完成，总数=80，成功=0，失败=80，失败设备=12008,12022,12007,12012,12004,12006,12011,12015,12009,12020,12010,12021,12017,12018,12002,12003,12016,12013,12005,12014,12019,12023,12025,12024,12045,12036,12033,12041,12027,12034,12028,12030,12031,12043,12037,12026,12042,12044,12032,12039,12040,12038,12029,12035,12047,12046,12001,12060,12063,12062,12061,12064,12057,12048,12050,12059,12066,12065,12052,12053,12055,12049,12054,12056,12051,12058,12070,12074,12077,12071,12072,12075,12078,12080,12076,12079,12068,12067,12073,12069
[2026-06-02 15:31:57] [INFO] [scheduler][NetworkStatusTask][Summary][disconnectAll]：断开所有信号连接（statusChanged=80, commandFinished=80），总数=160
[2026-06-02 15:31:57] [INFO] [scheduler][NetworkStatusTask][Summary][stop]：网络状态任务已停止
[2026-06-02 15:34:08] [INFO] [scheduler][NetworkStatusTask][Summary][start]：网络状态任务启动，设备总数=80
[2026-06-02 15:34:08] [INFO] [scheduler][NetworkStatusTask][Summary][start]：初始化检查任务已启动
[2026-06-02 15:34:09] [INFO] [scheduler][NetworkStatusTask][Summary][start]：已批量启动自动重连，成功=80/80，失败=0
[2026-06-02 15:34:09] [INFO] [scheduler][NetworkStatusTask][Summary][start]：初始连接状态汇总：已连接=72，连接中=6，已断开=2，错误=0
[2026-06-02 15:34:09] [INFO] [scheduler][NetworkStatusTask][Summary][start]：网络状态任务启动完成，监听设备数=80
[2026-06-02 15:34:17] [INFO] [scheduler][NetworkStatusTask][Summary][onInitCheckFinished]：初始化检查完成，总数=80，成功=0，失败=80，失败设备=12006,12003,12005,12009,12014,12015,12010,12001,12011,12002,12008,12004,12007,12012,12018,12013,12016,12019,12017,12021,12022,12020,12028,12025,12027,12036,12031,12037,12032,12026,12023,12024,12033,12030,12034,12040,12029,12035,12038,12039,12041,12042,12043,12077,12075,12080,12072,12074,12067,12049,12073,12068,12076,12069,12079,12066,12078,12064,12070,12059,12061,12060,12065,12063,12062,12055,12053,12058,12050,12045,12052,12071,12051,12046,12054,12047,12057,12044,12056,12048
[2026-06-02 15:34:19] [INFO] [scheduler][NetworkStatusTask][Summary][disconnectAll]：断开所有信号连接（statusChanged=80, commandFinished=79），总数=159
[2026-06-02 15:34:19] [INFO] [scheduler][NetworkStatusTask][Summary][stop]：网络状态任务已停止
[2026-06-02 15:36:28] [INFO] [scheduler][NetworkStatusTask][Summary][start]：网络状态任务启动，设备总数=80
[2026-06-02 15:36:28] [INFO] [scheduler][NetworkStatusTask][Summary][start]：初始化检查任务已启动
[2026-06-02 15:36:28] [INFO] [scheduler][NetworkStatusTask][Summary][start]：已批量启动自动重连，成功=80/80，失败=0
[2026-06-02 15:36:28] [INFO] [scheduler][NetworkStatusTask][Summary][start]：初始连接状态汇总：已连接=77，连接中=2，已断开=1，错误=0
[2026-06-02 15:36:28] [INFO] [scheduler][NetworkStatusTask][Summary][start]：网络状态任务启动完成，监听设备数=80
[2026-06-02 15:36:36] [INFO] [scheduler][NetworkStatusTask][Summary][onInitCheckFinished]：初始化检查完成，总数=80，成功=0，失败=80，失败设备=12009,12008,12010,12001,12006,12003,12002,12011,12007,12013,12016,12015,12005,12014,12004,12012,12026,12018,12017,12019,12028,12027,12025,12020,12022,12021,12024,12023,12036,12029,12035,12037,12040,12039,12038,12049,12043,12051,12041,12047,12031,12034,12057,12030,12033,12046,12032,12050,12042,12058,12044,12048,12045,12053,12056,12052,12055,12054,12064,12067,12075,12076,12065,12069,12059,12060,12073,12071,12074,12066,12077,12072,12068,12070,12078,12079,12062,12080,12063,12061
[2026-06-02 15:36:56] [INFO] [scheduler][NetworkStatusTask][Summary][disconnectAll]：断开所有信号连接（statusChanged=80, commandFinished=80），总数=160
[2026-06-02 15:36:56] [INFO] [scheduler][NetworkStatusTask][Summary][stop]：网络状态任务已停止
[2026-06-02 15:37:12] [INFO] [scheduler][NetworkStatusTask][Summary][start]：网络状态任务启动，设备总数=80
[2026-06-02 15:37:12] [INFO] [scheduler][NetworkStatusTask][Summary][start]：初始化检查任务已启动
[2026-06-02 15:37:12] [INFO] [scheduler][NetworkStatusTask][Summary][start]：已批量启动自动重连，成功=80/80，失败=0
[2026-06-02 15:37:12] [INFO] [scheduler][NetworkStatusTask][Summary][start]：初始连接状态汇总：已连接=77，连接中=3，已断开=0，错误=0
[2026-06-02 15:37:12] [INFO] [scheduler][NetworkStatusTask][Summary][start]：网络状态任务启动完成，监听设备数=80
[2026-06-02 15:37:20] [INFO] [scheduler][NetworkStatusTask][Summary][onInitCheckFinished]：初始化检查完成，总数=80，成功=0，失败=80，失败设备=12012,12003,12006,12010,12004,12005,12011,12016,12009,12013,12008,12007,12002,12001,12014,12028,12024,12020,12018,12025,12031,12019,12032,12034,12015,12027,12035,12026,12022,12017,12029,12021,12033,12030,12023,12036,12054,12038,12037,12056,12055,12053,12043,12051,12049,12046,12041,12044,12048,12039,12047,12040,12050,12052,12045,12042,12058,12057,12067,12061,12078,12077,12069,12076,12072,12071,12062,12070,12063,12075,12068,12066,12073,12074,12059,12065,12060,12064,12080,12079
[2026-06-02 15:37:23] [INFO] [scheduler][NetworkStatusTask][Summary][disconnectAll]：断开所有信号连接（statusChanged=80, commandFinished=80），总数=160
[2026-06-02 15:37:23] [INFO] [scheduler][NetworkStatusTask][Summary][stop]：网络状态任务已停止
[2026-06-02 16:05:20] [INFO] [scheduler][NetworkStatusTask][Summary][start]：网络状态任务启动，设备总数=80
[2026-06-02 16:05:20] [INFO] [scheduler][NetworkStatusTask][Summary][start]：初始化检查任务已启动
[2026-06-02 16:05:20] [INFO] [scheduler][NetworkStatusTask][Summary][start]：已批量启动自动重连，成功=80/80，失败=0
[2026-06-02 16:05:20] [INFO] [scheduler][NetworkStatusTask][Summary][start]：初始连接状态汇总：已连接=75，连接中=5，已断开=0，错误=0
[2026-06-02 16:05:20] [INFO] [scheduler][NetworkStatusTask][Summary][start]：网络状态任务启动完成，监听设备数=80
[2026-06-02 16:05:29] [INFO] [scheduler][NetworkStatusTask][Summary][onInitCheckFinished]：初始化检查完成，总数=80，成功=0，失败=80，失败设备=12021,12018,12008,12006,12016,12013,12015,12003,12020,12007,12010,12005,12030,12032,12029,12028,12012,12011,12025,12019,12022,12001,12014,12002,12004,12009,12017,12035,12027,12034,12040,12036,12031,12037,12042,12043,12045,12044,12050,12039,12046,12047,12026,12024,12023,12033,12049,12052,12041,12038,12051,12048,12078,12053,12077,12080,12076,12079,12071,12068,12074,12066,12060,12073,12069,12064,12063,12072,12062,12059,12065,12061,12070,12067,12056,12075,12055,12058,12054,12057
[2026-06-02 16:23:19] [INFO] [scheduler][NetworkStatusTask][Summary][disconnectAll]：断开所有信号连接（statusChanged=80, commandFinished=80），总数=160
[2026-06-02 16:23:19] [INFO] [scheduler][NetworkStatusTask][Summary][stop]：网络状态任务已停止
[2026-06-02 16:44:52] [INFO] [scheduler][NetworkStatusTask][Summary][start]：网络状态任务启动，设备总数=80
[2026-06-02 16:44:52] [INFO] [scheduler][NetworkStatusTask][Summary][start]：初始化检查任务已启动
[2026-06-02 16:44:52] [INFO] [scheduler][NetworkStatusTask][Summary][start]：已批量启动自动重连，成功=80/80，失败=0
[2026-06-02 16:44:52] [INFO] [scheduler][NetworkStatusTask][Summary][start]：初始连接状态汇总：已连接=58，连接中=19，已断开=3，错误=0
[2026-06-02 16:44:52] [INFO] [scheduler][NetworkStatusTask][Summary][start]：网络状态任务启动完成，监听设备数=80
[2026-06-02 16:45:00] [INFO] [scheduler][NetworkStatusTask][Summary][onInitCheckFinished]：初始化检查完成，总数=80，成功=0，失败=80，失败设备=12039,12037,12048,12050,12041,12034,12038,12044,12052,12047,12036,12029,12042,12027,12043,12035,12040,12033,12046,12031,12045,12054,12017,12015,12004,12006,12019,12056,12016,12022,12008,12003,12014,12007,12020,12049,12021,12013,12018,12011,12002,12009,12010,12001,12061,12059,12026,12028,12063,12012,12060,12066,12030,12025,12058,12051,12064,12005,12065,12057,12062,12055,12024,12053,12023,12032,12069,12068,12070,12078,12074,12072,12079,12077,12080,12071,12075,12073,12067,12076
[2026-06-02 17:16:34] [INFO] [scheduler][NetworkStatusTask][Summary][disconnectAll]：断开所有信号连接（statusChanged=80, commandFinished=80），总数=160
[2026-06-02 17:16:34] [INFO] [scheduler][NetworkStatusTask][Summary][stop]：网络状态任务已停止
