[2026-06-03 08:42:33] [WARN] [SH85PeriodicSelfCheckTask] 周期自检轮次失败
轮次ID: 20260603_084233_564
开始时间: 2026-06-03 08:42:33
结束时间: 2026-06-03 08:42:33
总设备数: 80
参与设备数: 80
成功设备数: 0
失败设备数: 80
跳过设备数: 0
失败原因摘要:
- 设备未连接: 80 台
  设备: 12001, 12002, 12003, 12004, 12005, 12006, 12007, 12008, 12009, 12010, 12011, 12012, 12013, 12014, 12015, 12016, 12017, 12018, 12019, 12020, 12021, 12022, 12023, 12024, 12025, 12026, 12027, 12028, 12029, 12030, 12031, 12032, 12033, 12034, 12035, 12036, 12037, 12038, 12039, 12040, 12041, 12042, 12043, 12044, 12045, 12046, 12047, 12048, 12049, 12050, 12051, 12052, 12053, 12054, 12055, 12056, 12057, 12058, 12059, 12060, 12061, 12062, 12063, 12064, 12065, 12066, 12067, 12068, 12069, 12070, 12071, 12072, 12073, 12074, 12075, 12076, 12077, 12078, 12079, 12080
详细执行记录: 请在 self_check.log 搜索轮次ID 20260603_084233_564
[2026-06-03 08:45:05] [WARN] [SH85PeriodicSelfCheckTask] 周期自检轮次失败
轮次ID: 20260603_084505_027
开始时间: 2026-06-03 08:45:05
结束时间: 2026-06-03 08:45:05
总设备数: 80
参与设备数: 80
成功设备数: 0
失败设备数: 80
跳过设备数: 0
失败原因摘要:
- 设备未连接: 80 台
  设备: 12001, 12002, 12003, 12004, 12005, 12006, 12007, 12008, 12009, 12010, 12011, 12012, 12013, 12014, 12015, 12016, 12017, 12018, 12019, 12020, 12021, 12022, 12023, 12024, 12025, 12026, 12027, 12028, 12029, 12030, 12031, 12032, 12033, 12034, 12035, 12036, 12037, 12038, 12039, 12040, 12041, 12042, 12043, 12044, 12045, 12046, 12047, 12048, 12049, 12050, 12051, 12052, 12053, 12054, 12055, 12056, 12057, 12058, 12059, 12060, 12061, 12062, 12063, 12064, 12065, 12066, 12067, 12068, 12069, 12070, 12071, 12072, 12073, 12074, 12075, 12076, 12077, 12078, 12079, 12080
详细执行记录: 请在 self_check.log 搜索轮次ID 20260603_084505_027
[2026-06-03 08:45:36] [WARN] [SH85PeriodicSelfCheckTask] 周期自检轮次失败
轮次ID: 20260603_084523_588
开始时间: 2026-06-03 08:45:23
结束时间: 2026-06-03 08:45:36
总设备数: 80
参与设备数: 80
成功设备数: 0
失败设备数: 80
跳过设备数: 0
失败原因摘要:
- 启动自检指令下发失败: 等待RTU响应超时: 80 台
  设备: 12001, 12002, 12003, 12004, 12005, 12006, 12007, 12008, 12009, 12010, 12011, 12012, 12013, 12014, 12015, 12016, 12017, 12018, 12019, 12020, 12021, 12022, 12023, 12024, 12025, 12026, 12027, 12028, 12029, 12030, 12031, 12032, 12033, 12034, 12035, 12036, 12037, 12038, 12039, 12040, 12041, 12042, 12043, 12044, 12045, 12046, 12047, 12048, 12049, 12050, 12051, 12052, 12053, 12054, 12055, 12056, 12057, 12058, 12059, 12060, 12061, 12062, 12063, 12064, 12065, 12066, 12067, 12068, 12069, 12070, 12071, 12072, 12073, 12074, 12075, 12076, 12077, 12078, 12079, 12080
详细执行记录: 请在 self_check.log 搜索轮次ID 20260603_084523_588
[2026-06-03 09:00:36] [WARN] [SH85PeriodicSelfCheckTask] 周期自检轮次失败
轮次ID: 20260603_090026_468
开始时间: 2026-06-03 09:00:26
结束时间: 2026-06-03 09:00:36
总设备数: 80
参与设备数: 80
成功设备数: 0
失败设备数: 80
跳过设备数: 0
失败原因摘要:
- 启动自检指令下发失败: 等待RTU响应超时: 80 台
  设备: 12001, 12002, 12003, 12004, 12005, 12006, 12007, 12008, 12009, 12010, 12011, 12012, 12013, 12014, 12015, 12016, 12017, 12018, 12019, 12020, 12021, 12022, 12023, 12024, 12025, 12026, 12027, 12028, 12029, 12030, 12031, 12032, 12033, 12034, 12035, 12036, 12037, 12038, 12039, 12040, 12041, 12042, 12043, 12044, 12045, 12046, 12047, 12048, 12049, 12050, 12051, 12052, 12053, 12054, 12055, 12056, 12057, 12058, 12059, 12060, 12061, 12062, 12063, 12064, 12065, 12066, 12067, 12068, 12069, 12070, 12071, 12072, 12073, 12074, 12075, 12076, 12077, 12078, 12079, 12080
详细执行记录: 请在 self_check.log 搜索轮次ID 20260603_090026_468
[2026-06-03 09:02:32] [WARN] [SH85PeriodicSelfCheckTask] 周期自检轮次失败
轮次ID: 20260603_090227_924
开始时间: 2026-06-03 09:02:27
结束时间: 2026-06-03 09:02:32
总设备数: 80
参与设备数: 80
成功设备数: 0
失败设备数: 80
跳过设备数: 0
失败原因摘要:
- 启动自检指令下发失败: 等待RTU响应超时: 80 台
  设备: 12001, 12002, 12003, 12004, 12005, 12006, 12007, 12008, 12009, 12010, 12011, 12012, 12013, 12014, 12015, 12016, 12017, 12018, 12019, 12020, 12021, 12022, 12023, 12024, 12025, 12026, 12027, 12028, 12029, 12030, 12031, 12032, 12033, 12034, 12035, 12036, 12037, 12038, 12039, 12040, 12041, 12042, 12043, 12044, 12045, 12046, 12047, 12048, 12049, 12050, 12051, 12052, 12053, 12054, 12055, 12056, 12057, 12058, 12059, 12060, 12061, 12062, 12063, 12064, 12065, 12066, 12067, 12068, 12069, 12070, 12071, 12072, 12073, 12074, 12075, 12076, 12077, 12078, 12079, 12080
详细执行记录: 请在 self_check.log 搜索轮次ID 20260603_090227_924
[2026-06-03 09:11:10] [WARN] [SH85PeriodicSelfCheckTask] 周期自检轮次失败
轮次ID: 20260603_091105_200
开始时间: 2026-06-03 09:11:05
结束时间: 2026-06-03 09:11:10
总设备数: 80
参与设备数: 79
成功设备数: 0
失败设备数: 79
跳过设备数: 1
失败原因摘要:
- 启动自检指令下发失败: 等待RTU响应超时: 79 台
  设备: 12001, 12002, 12003, 12004, 12005, 12006, 12007, 12008, 12009, 12010, 12011, 12012, 12013, 12014, 12015, 12016, 12017, 12018, 12019, 12020, 12021, 12022, 12023, 12024, 12025, 12026, 12027, 12028, 12029, 12030, 12031, 12032, 12033, 12034, 12035, 12036, 12037, 12038, 12039, 12040, 12041, 12042, 12043, 12044, 12045, 12046, 12047, 12048, 12049, 12050, 12051, 12052, 12053, 12054, 12055, 12056, 12057, 12058, 12059, 12060, 12061, 12062, 12064, 12065, 12066, 12067, 12068, 12069, 12070, 12071, 12072, 12073, 12074, 12075, 12076, 12077, 12078, 12079, 12080
详细执行记录: 请在 self_check.log 搜索轮次ID 20260603_091105_200
[2026-06-03 09:11:15] [WARN] [SH85PeriodicSelfCheckTask] 周期自检轮次失败
轮次ID: 20260603_091113_869
开始时间: 2026-06-03 09:11:13
结束时间: 2026-06-03 09:11:15
总设备数: 80
参与设备数: 36
成功设备数: 0
失败设备数: 36
跳过设备数: 44
失败原因摘要:
- 启动自检指令下发失败: 等待RTU响应超时: 36 台
  设备: 12002, 12003, 12005, 12006, 12007, 12011, 12014, 12017, 12021, 12023, 12024, 12026, 12027, 12028, 12031, 12032, 12035, 12036, 12038, 12045, 12046, 12047, 12048, 12051, 12052, 12060, 12063, 12067, 12068, 12069, 12070, 12071, 12072, 12075, 12076, 12079
详细执行记录: 请在 self_check.log 搜索轮次ID 20260603_091113_869
[2026-06-03 09:41:37] [WARN] [SH85PeriodicSelfCheckTask] 周期自检轮次失败
轮次ID: 20260603_094135_550
开始时间: 2026-06-03 09:41:35
结束时间: 2026-06-03 09:41:37
总设备数: 80
参与设备数: 42
成功设备数: 0
失败设备数: 42
跳过设备数: 38
失败原因摘要:
- 启动自检指令下发失败: 等待RTU响应超时: 42 台
  设备: 12002, 12003, 12005, 12007, 12008, 12009, 12011, 12013, 12015, 12016, 12017, 12018, 12026, 12029, 12030, 12033, 12034, 12035, 12039, 12043, 12044, 12045, 12047, 12048, 12049, 12052, 12054, 12055, 12056, 12058, 12060, 12061, 12062, 12065, 12066, 12069, 12070, 12072, 12073, 12074, 12078, 12079
详细执行记录: 请在 self_check.log 搜索轮次ID 20260603_094135_550
[2026-06-03 14:55:40] [WARN] [SH85PeriodicSelfCheckTask] 周期自检轮次失败
轮次ID: 20260603_145534_899
开始时间: 2026-06-03 14:55:34
结束时间: 2026-06-03 14:55:40
总设备数: 80
参与设备数: 80
成功设备数: 0
失败设备数: 80
跳过设备数: 0
失败原因摘要:
- 启动自检指令下发失败: 等待RTU响应超时: 80 台
  设备: 12001, 12002, 12003, 12004, 12005, 12006, 12007, 12008, 12009, 12010, 12011, 12012, 12013, 12014, 12015, 12016, 12017, 12018, 12019, 12020, 12021, 12022, 12023, 12024, 12025, 12026, 12027, 12028, 12029, 12030, 12031, 12032, 12033, 12034, 12035, 12036, 12037, 12038, 12039, 12040, 12041, 12042, 12043, 12044, 12045, 12046, 12047, 12048, 12049, 12050, 12051, 12052, 12053, 12054, 12055, 12056, 12057, 12058, 12059, 12060, 12061, 12062, 12063, 12064, 12065, 12066, 12067, 12068, 12069, 12070, 12071, 12072, 12073, 12074, 12075, 12076, 12077, 12078, 12079, 12080
详细执行记录: 请在 self_check.log 搜索轮次ID 20260603_145534_899
[2026-06-03 15:26:02] [WARN] [SH85PeriodicSelfCheckTask] 周期自检轮次失败
轮次ID: 20260603_152600_146
开始时间: 2026-06-03 15:26:00
结束时间: 2026-06-03 15:26:02
总设备数: 80
参与设备数: 42
成功设备数: 0
失败设备数: 42
跳过设备数: 38
失败原因摘要:
- 启动自检指令下发失败: 等待RTU响应超时: 42 台
  设备: 12001, 12002, 12003, 12004, 12008, 12009, 12010, 12013, 12015, 12017, 12019, 12020, 12024, 12029, 12033, 12034, 12036, 12037, 12040, 12043, 12044, 12047, 12048, 12050, 12052, 12054, 12058, 12059, 12060, 12062, 12064, 12066, 12067, 12068, 12069, 12070, 12072, 12073, 12075, 12076, 12079, 12080
详细执行记录: 请在 self_check.log 搜索轮次ID 20260603_152600_146
[2026-06-03 15:31:10] [WARN] [SH85PeriodicSelfCheckTask] 周期自检轮次失败
轮次ID: 20260603_153108_654
开始时间: 2026-06-03 15:31:08
结束时间: 2026-06-03 15:31:10
总设备数: 80
参与设备数: 40
成功设备数: 0
失败设备数: 40
跳过设备数: 40
失败原因摘要:
- 启动自检指令下发失败: 等待RTU响应超时: 40 台
  设备: 12004, 12006, 12009, 12010, 12012, 12017, 12020, 12022, 12023, 12025, 12026, 12027, 12028, 12031, 12032, 12033, 12034, 12035, 12036, 12037, 12040, 12042, 12043, 12044, 12048, 12051, 12052, 12054, 12055, 12056, 12060, 12062, 12063, 12065, 12066, 12068, 12069, 12075, 12078, 12080
详细执行记录: 请在 self_check.log 搜索轮次ID 20260603_153108_654
[2026-06-03 15:31:21] [WARN] [SH85PeriodicSelfCheckTask] 周期自检轮次失败
轮次ID: 20260603_153119_267
开始时间: 2026-06-03 15:31:19
结束时间: 2026-06-03 15:31:21
总设备数: 80
参与设备数: 41
成功设备数: 0
失败设备数: 41
跳过设备数: 39
失败原因摘要:
- 启动自检指令下发失败: 等待RTU响应超时: 41 台
  设备: 12001, 12002, 12003, 12004, 12006, 12008, 12010, 12011, 12012, 12014, 12015, 12020, 12021, 12023, 12024, 12028, 12030, 12031, 12032, 12033, 12034, 12035, 12038, 12039, 12043, 12045, 12046, 12047, 12049, 12050, 12052, 12053, 12054, 12058, 12060, 12061, 12063, 12071, 12072, 12079, 12080
详细执行记录: 请在 self_check.log 搜索轮次ID 20260603_153119_267
[2026-06-03 16:01:43] [WARN] [SH85PeriodicSelfCheckTask] 周期自检轮次失败
轮次ID: 20260603_160141_282
开始时间: 2026-06-03 16:01:41
结束时间: 2026-06-03 16:01:43
总设备数: 80
参与设备数: 39
成功设备数: 0
失败设备数: 39
跳过设备数: 41
失败原因摘要:
- 启动自检指令下发失败: 等待RTU响应超时: 39 台
  设备: 12001, 12002, 12004, 12006, 12007, 12008, 12010, 12014, 12015, 12017, 12019, 12023, 12025, 12027, 12029, 12030, 12032, 12035, 12039, 12040, 12042, 12043, 12044, 12045, 12047, 12048, 12049, 12056, 12057, 12058, 12060, 12063, 12069, 12070, 12071, 12073, 12075, 12076, 12079
详细执行记录: 请在 self_check.log 搜索轮次ID 20260603_160141_282
[2026-06-03 16:32:05] [WARN] [SH85PeriodicSelfCheckTask] 周期自检轮次失败
轮次ID: 20260603_163203_536
开始时间: 2026-06-03 16:32:03
结束时间: 2026-06-03 16:32:05
总设备数: 80
参与设备数: 36
成功设备数: 0
失败设备数: 36
跳过设备数: 44
失败原因摘要:
- 启动自检指令下发失败: 等待RTU响应超时: 36 台
  设备: 12003, 12004, 12006, 12008, 12011, 12012, 12013, 12014, 12016, 12017, 12018, 12019, 12022, 12026, 12033, 12036, 12037, 12041, 12043, 12045, 12046, 12047, 12051, 12052, 12053, 12057, 12058, 12059, 12062, 12063, 12064, 12066, 12067, 12069, 12078, 12079
详细执行记录: 请在 self_check.log 搜索轮次ID 20260603_163203_536
[2026-06-03 16:56:52] [WARN] [SH85PeriodicSelfCheckTask] 周期自检轮次失败
轮次ID: 20260603_165647_298
开始时间: 2026-06-03 16:56:47
结束时间: 2026-06-03 16:56:52
总设备数: 80
参与设备数: 80
成功设备数: 0
失败设备数: 80
跳过设备数: 0
失败原因摘要:
- 启动自检指令下发失败: 等待RTU响应超时: 80 台
  设备: 12001, 12002, 12003, 12004, 12005, 12006, 12007, 12008, 12009, 12010, 12011, 12012, 12013, 12014, 12015, 12016, 12017, 12018, 12019, 12020, 12021, 12022, 12023, 12024, 12025, 12026, 12027, 12028, 12029, 12030, 12031, 12032, 12033, 12034, 12035, 12036, 12037, 12038, 12039, 12040, 12041, 12042, 12043, 12044, 12045, 12046, 12047, 12048, 12049, 12050, 12051, 12052, 12053, 12054, 12055, 12056, 12057, 12058, 12059, 12060, 12061, 12062, 12063, 12064, 12065, 12066, 12067, 12068, 12069, 12070, 12071, 12072, 12073, 12074, 12075, 12076, 12077, 12078, 12079, 12080
详细执行记录: 请在 self_check.log 搜索轮次ID 20260603_165647_298
[2026-06-03 17:27:16] [WARN] [SH85PeriodicSelfCheckTask] 周期自检轮次失败
轮次ID: 20260603_172714_371
开始时间: 2026-06-03 17:27:14
结束时间: 2026-06-03 17:27:16
总设备数: 80
参与设备数: 43
成功设备数: 0
失败设备数: 43
跳过设备数: 37
失败原因摘要:
- 启动自检指令下发失败: 等待RTU响应超时: 43 台
  设备: 12003, 12004, 12005, 12012, 12013, 12015, 12016, 12017, 12018, 12019, 12020, 12025, 12026, 12027, 12029, 12030, 12031, 12032, 12034, 12037, 12039, 12040, 12041, 12045, 12046, 12047, 12048, 12049, 12051, 12052, 12054, 12057, 12059, 12061, 12062, 12064, 12065, 12069, 12072, 12073, 12074, 12076, 12079
详细执行记录: 请在 self_check.log 搜索轮次ID 20260603_172714_371
[2026-06-03 17:44:50] [WARN] [SH85PeriodicSelfCheckTask] 周期自检轮次失败
轮次ID: 20260603_174445_091
开始时间: 2026-06-03 17:44:45
结束时间: 2026-06-03 17:44:50
总设备数: 80
参与设备数: 80
成功设备数: 0
失败设备数: 80
跳过设备数: 0
失败原因摘要:
- 启动自检指令下发失败: 等待RTU响应超时: 80 台
  设备: 12001, 12002, 12003, 12004, 12005, 12006, 12007, 12008, 12009, 12010, 12011, 12012, 12013, 12014, 12015, 12016, 12017, 12018, 12019, 12020, 12021, 12022, 12023, 12024, 12025, 12026, 12027, 12028, 12029, 12030, 12031, 12032, 12033, 12034, 12035, 12036, 12037, 12038, 12039, 12040, 12041, 12042, 12043, 12044, 12045, 12046, 12047, 12048, 12049, 12050, 12051, 12052, 12053, 12054, 12055, 12056, 12057, 12058, 12059, 12060, 12061, 12062, 12063, 12064, 12065, 12066, 12067, 12068, 12069, 12070, 12071, 12072, 12073, 12074, 12075, 12076, 12077, 12078, 12079, 12080
详细执行记录: 请在 self_check.log 搜索轮次ID 20260603_174445_091
[2026-06-03 17:44:53] [WARN] [SH85PeriodicSelfCheckTask] 周期自检轮次失败
轮次ID: 20260603_174452_115
开始时间: 2026-06-03 17:44:52
结束时间: 2026-06-03 17:44:53
总设备数: 80
参与设备数: 40
成功设备数: 0
失败设备数: 40
跳过设备数: 40
失败原因摘要:
- 启动自检指令下发失败: 等待RTU响应超时: 40 台
  设备: 12003, 12009, 12010, 12011, 12015, 12018, 12019, 12021, 12022, 12023, 12024, 12025, 12027, 12029, 12030, 12031, 12032, 12035, 12037, 12041, 12042, 12046, 12047, 12049, 12050, 12051, 12054, 12055, 12058, 12061, 12063, 12064, 12067, 12070, 12071, 12072, 12074, 12076, 12078, 12080
详细执行记录: 请在 self_check.log 搜索轮次ID 20260603_174452_115
