[2026-06-04 09:18:17] [INFO] ============================= MonitorDataTask 对象创建 =============================
[2026-06-04 09:18:17] [INFO] ============================= MonitorDataTask 启动 =============================
监听设备数: 80
启动时间: 2026-06-04 09:18:17
日志目录: scheduler/monitor_data_task
[2026-06-04 09:22:01] [INFO] ============================= MonitorDataTask 停止 =============================
运行时长: 223750 ms
监听设备数: 80
通讯总数: 0
成功数: 0
失败数: 0
解析失败数: 0
停止时间: 2026-06-04 09:22:01
[2026-06-04 18:58:20] [INFO] ============================= MonitorDataTask 对象创建 =============================
[2026-06-04 18:58:20] [INFO] ============================= MonitorDataTask 启动 =============================
监听设备数: 80
启动时间: 2026-06-04 18:58:20
日志目录: scheduler/monitor_data_task
[2026-06-04 18:59:12] [INFO] ============================= MonitorDataTask 停止 =============================
运行时长: 51801 ms
监听设备数: 80
通讯总数: 0
成功数: 0
失败数: 0
解析失败数: 0
停止时间: 2026-06-04 18:59:12
