[2026-06-03 08:42:28] [INFO] 汇总计时器AlarmSummaryTimer开启。。。
[2026-06-03 08:42:28] [INFO] [startSummaryTimer] Summary timer started, interval=60000 ms
[2026-06-03 08:42:28] [INFO] [AlarmDispatchTask] 警报调度任务已构造
[2026-06-03 08:42:28] [INFO] [loadActiveFromDb] 从数据库恢复 0 条未解决警报
[2026-06-03 08:42:28] [INFO] [startFoupAlarmSyncTimer] FOUP 告警状态刷新定时器已启动，interval=50 ms
[2026-06-03 08:42:28] [INFO] [start] 警报调度任务已启动，活跃警报数=0
[2026-06-03 08:43:28] [INFO] [2026-06-03 08:43:28.495] 当前未恢复错误汇总
Device Offline（80个）：12001，12002，12003，12004，12005，12006，12007，12008，12009，12010，12011，12012，12013，12014，12015，12016，12017，12018，12019，12020，12021，12022，12023，12024，12025，12026，12027，12028，12029，12030，12031，12032，12033，12034，12035，12036，12037，12038，12039，12040，12041，12042，12043，12044，12045，12046，12047，12048，12049，12050，12051，12052，12053，12054，12055，12056，12057，12058，12059，12060，12061，12062，12063，12064，12065，12066，12067，12068，12069，12070，12071，12072，12073，12074，12075，12076，12077，12078，12079，12080
[2026-06-03 08:44:28] [INFO] [2026-06-03 08:44:28.501] 当前未恢复错误汇总
Device Offline（80个）：12001，12002，12003，12004，12005，12006，12007，12008，12009，12010，12011，12012，12013，12014，12015，12016，12017，12018，12019，12020，12021，12022，12023，12024，12025，12026，12027，12028，12029，12030，12031，12032，12033，12034，12035，12036，12037，12038，12039，12040，12041，12042，12043，12044，12045，12046，12047，12048，12049，12050，12051，12052，12053，12054，12055，12056，12057，12058，12059，12060，12061，12062，12063，12064，12065，12066，12067，12068，12069，12070，12071，12072，12073，12074，12075，12076，12077，12078，12079，12080
[2026-06-03 08:44:56] [INFO] [stopFoupAlarmSyncTimer] FOUP 告警状态刷新定时器已停止
[2026-06-03 08:44:56] [INFO] [stop] 警报调度任务已停止
[2026-06-03 08:44:59] [INFO] 汇总计时器AlarmSummaryTimer开启。。。
[2026-06-03 08:44:59] [INFO] [startSummaryTimer] Summary timer started, interval=60000 ms
[2026-06-03 08:44:59] [INFO] [AlarmDispatchTask] 警报调度任务已构造
[2026-06-03 08:44:59] [INFO] [loadActiveFromDb] 从数据库恢复 80 条未解决警报
[2026-06-03 08:44:59] [INFO] [startFoupAlarmSyncTimer] FOUP 告警状态刷新定时器已启动，interval=50 ms
[2026-06-03 08:44:59] [INFO] [start] 警报调度任务已启动，活跃警报数=80
[2026-06-03 08:45:15] [INFO] [stopFoupAlarmSyncTimer] FOUP 告警状态刷新定时器已停止
[2026-06-03 08:45:15] [INFO] [stop] 警报调度任务已停止
[2026-06-03 08:45:18] [INFO] 汇总计时器AlarmSummaryTimer开启。。。
[2026-06-03 08:45:18] [INFO] [startSummaryTimer] Summary timer started, interval=60000 ms
[2026-06-03 08:45:18] [INFO] [AlarmDispatchTask] 警报调度任务已构造
[2026-06-03 08:45:18] [INFO] [loadActiveFromDb] 从数据库恢复 80 条未解决警报
[2026-06-03 08:45:18] [INFO] [startFoupAlarmSyncTimer] FOUP 告警状态刷新定时器已启动，interval=50 ms
[2026-06-03 08:45:18] [INFO] [start] 警报调度任务已启动，活跃警报数=80
[2026-06-03 08:53:39] [INFO] [stopFoupAlarmSyncTimer] FOUP 告警状态刷新定时器已停止
[2026-06-03 08:53:39] [INFO] [stop] 警报调度任务已停止
[2026-06-03 09:00:21] [INFO] 汇总计时器AlarmSummaryTimer开启。。。
[2026-06-03 09:00:21] [INFO] [startSummaryTimer] Summary timer started, interval=60000 ms
[2026-06-03 09:00:21] [INFO] [AlarmDispatchTask] 警报调度任务已构造
[2026-06-03 09:00:21] [INFO] [loadActiveFromDb] 从数据库恢复 0 条未解决警报
[2026-06-03 09:00:21] [INFO] [startFoupAlarmSyncTimer] FOUP 告警状态刷新定时器已启动，interval=50 ms
[2026-06-03 09:00:21] [INFO] [start] 警报调度任务已启动，活跃警报数=0
[2026-06-03 09:00:42] [INFO] [stopFoupAlarmSyncTimer] FOUP 告警状态刷新定时器已停止
[2026-06-03 09:00:42] [INFO] [stop] 警报调度任务已停止
[2026-06-03 09:02:17] [INFO] 汇总计时器AlarmSummaryTimer开启。。。
[2026-06-03 09:02:17] [INFO] [startSummaryTimer] Summary timer started, interval=60000 ms
[2026-06-03 09:02:17] [INFO] [AlarmDispatchTask] 警报调度任务已构造
[2026-06-03 09:02:17] [INFO] [loadActiveFromDb] 从数据库恢复 0 条未解决警报
[2026-06-03 09:02:17] [INFO] [startFoupAlarmSyncTimer] FOUP 告警状态刷新定时器已启动，interval=50 ms
[2026-06-03 09:02:17] [INFO] [start] 警报调度任务已启动，活跃警报数=0
[2026-06-03 09:10:39] [INFO] [stopFoupAlarmSyncTimer] FOUP 告警状态刷新定时器已停止
[2026-06-03 09:10:39] [INFO] [stop] 警报调度任务已停止
[2026-06-03 09:10:55] [INFO] 汇总计时器AlarmSummaryTimer开启。。。
[2026-06-03 09:10:55] [INFO] [startSummaryTimer] Summary timer started, interval=60000 ms
[2026-06-03 09:10:55] [INFO] [AlarmDispatchTask] 警报调度任务已构造
[2026-06-03 09:10:55] [INFO] [loadActiveFromDb] 从数据库恢复 0 条未解决警报
[2026-06-03 09:10:55] [INFO] [startFoupAlarmSyncTimer] FOUP 告警状态刷新定时器已启动，interval=50 ms
[2026-06-03 09:10:55] [INFO] [start] 警报调度任务已启动，活跃警报数=0
[2026-06-03 09:11:55] [INFO] [2026-06-03 09:11:55.056] 当前未恢复错误汇总
Device Offline（1个）：12063
[2026-06-03 09:12:55] [INFO] [2026-06-03 09:12:55.056] 当前未恢复错误汇总
Device Offline（1个）：12063
[2026-06-03 09:13:55] [INFO] [2026-06-03 09:13:55.060] 当前未恢复错误汇总
Device Offline（1个）：12063
[2026-06-03 09:14:55] [INFO] [2026-06-03 09:14:55.055] 当前未恢复错误汇总
Device Offline（1个）：12063
[2026-06-03 09:15:55] [INFO] [2026-06-03 09:15:55.055] 当前未恢复错误汇总
Device Offline（1个）：12063
[2026-06-03 09:16:55] [INFO] [2026-06-03 09:16:55.061] 当前未恢复错误汇总
Device Offline（1个）：12063
[2026-06-03 09:17:55] [INFO] [2026-06-03 09:17:55.062] 当前未恢复错误汇总
Device Offline（1个）：12063
[2026-06-03 09:18:55] [INFO] [2026-06-03 09:18:55.058] 当前未恢复错误汇总
Device Offline（1个）：12063
[2026-06-03 09:19:55] [INFO] [2026-06-03 09:19:55.058] 当前未恢复错误汇总
Device Offline（1个）：12063
[2026-06-03 09:20:55] [INFO] [2026-06-03 09:20:55.060] 当前未恢复错误汇总
Device Offline（1个）：12063
[2026-06-03 09:21:55] [INFO] [2026-06-03 09:21:55.065] 当前未恢复错误汇总
Device Offline（1个）：12063
[2026-06-03 09:22:55] [INFO] [2026-06-03 09:22:55.066] 当前未恢复错误汇总
Device Offline（1个）：12063
[2026-06-03 09:23:55] [INFO] [2026-06-03 09:23:55.058] 当前未恢复错误汇总
Device Offline（1个）：12063
[2026-06-03 09:24:55] [INFO] [2026-06-03 09:24:55.063] 当前未恢复错误汇总
Device Offline（1个）：12063
[2026-06-03 09:25:55] [INFO] [2026-06-03 09:25:55.062] 当前未恢复错误汇总
Device Offline（1个）：12063
[2026-06-03 09:26:55] [INFO] [2026-06-03 09:26:55.061] 当前未恢复错误汇总
Device Offline（1个）：12063
[2026-06-03 09:27:55] [INFO] [2026-06-03 09:27:55.059] 当前未恢复错误汇总
Device Offline（1个）：12063
[2026-06-03 09:28:55] [INFO] [2026-06-03 09:28:55.059] 当前未恢复错误汇总
Device Offline（1个）：12063
[2026-06-03 09:29:55] [INFO] [2026-06-03 09:29:55.066] 当前未恢复错误汇总
Device Offline（1个）：12063
[2026-06-03 09:30:55] [INFO] [2026-06-03 09:30:55.060] 当前未恢复错误汇总
Device Offline（1个）：12063
[2026-06-03 09:31:55] [INFO] [2026-06-03 09:31:55.069] 当前未恢复错误汇总
Device Offline（1个）：12063
[2026-06-03 09:32:55] [INFO] [2026-06-03 09:32:55.060] 当前未恢复错误汇总
Device Offline（1个）：12063
[2026-06-03 09:33:55] [INFO] [2026-06-03 09:33:55.056] 当前未恢复错误汇总
Device Offline（1个）：12063
[2026-06-03 09:34:55] [INFO] [2026-06-03 09:34:55.057] 当前未恢复错误汇总
Device Offline（1个）：12063
[2026-06-03 09:35:55] [INFO] [2026-06-03 09:35:55.059] 当前未恢复错误汇总
Device Offline（1个）：12063
[2026-06-03 09:36:55] [INFO] [2026-06-03 09:36:55.058] 当前未恢复错误汇总
Device Offline（1个）：12063
[2026-06-03 09:37:55] [INFO] [2026-06-03 09:37:55.061] 当前未恢复错误汇总
Device Offline（1个）：12063
[2026-06-03 09:38:55] [INFO] [2026-06-03 09:38:55.057] 当前未恢复错误汇总
Device Offline（1个）：12063
[2026-06-03 09:39:55] [INFO] [2026-06-03 09:39:55.060] 当前未恢复错误汇总
Device Offline（1个）：12063
[2026-06-03 09:40:55] [INFO] [2026-06-03 09:40:55.058] 当前未恢复错误汇总
Device Offline（1个）：12063
[2026-06-03 09:41:55] [INFO] [2026-06-03 09:41:55.059] 当前未恢复错误汇总
Device Offline（1个）：12063
[2026-06-03 09:42:55] [INFO] [2026-06-03 09:42:55.058] 当前未恢复错误汇总
Device Offline（1个）：12063
[2026-06-03 09:43:27] [INFO] [stopFoupAlarmSyncTimer] FOUP 告警状态刷新定时器已停止
[2026-06-03 09:43:27] [INFO] [stop] 警报调度任务已停止
[2026-06-03 09:46:06] [INFO] 汇总计时器AlarmSummaryTimer开启。。。
[2026-06-03 09:46:06] [INFO] [startSummaryTimer] Summary timer started, interval=60000 ms
[2026-06-03 09:46:06] [INFO] [AlarmDispatchTask] 警报调度任务已构造
[2026-06-03 09:46:06] [INFO] [loadActiveFromDb] 从数据库恢复 1 条未解决警报
[2026-06-03 09:46:06] [INFO] [startFoupAlarmSyncTimer] FOUP 告警状态刷新定时器已启动，interval=50 ms
[2026-06-03 09:46:06] [INFO] [start] 警报调度任务已启动，活跃警报数=1
[2026-06-03 09:46:12] [INFO] [stopFoupAlarmSyncTimer] FOUP 告警状态刷新定时器已停止
[2026-06-03 09:46:12] [INFO] [stop] 警报调度任务已停止
[2026-06-03 14:55:24] [INFO] 汇总计时器AlarmSummaryTimer开启。。。
[2026-06-03 14:55:24] [INFO] [startSummaryTimer] Summary timer started, interval=60000 ms
[2026-06-03 14:55:24] [INFO] [AlarmDispatchTask] 警报调度任务已构造
[2026-06-03 14:55:24] [INFO] [loadActiveFromDb] 从数据库恢复 0 条未解决警报
[2026-06-03 14:55:24] [INFO] [startFoupAlarmSyncTimer] FOUP 告警状态刷新定时器已启动，interval=50 ms
[2026-06-03 14:55:24] [INFO] [start] 警报调度任务已启动，活跃警报数=0
[2026-06-03 16:56:30] [INFO] [stopFoupAlarmSyncTimer] FOUP 告警状态刷新定时器已停止
[2026-06-03 16:56:30] [INFO] [stop] 警报调度任务已停止
[2026-06-03 16:56:37] [INFO] 汇总计时器AlarmSummaryTimer开启。。。
[2026-06-03 16:56:37] [INFO] [startSummaryTimer] Summary timer started, interval=60000 ms
[2026-06-03 16:56:37] [INFO] [AlarmDispatchTask] 警报调度任务已构造
[2026-06-03 16:56:37] [INFO] [loadActiveFromDb] 从数据库恢复 0 条未解决警报
[2026-06-03 16:56:37] [INFO] [startFoupAlarmSyncTimer] FOUP 告警状态刷新定时器已启动，interval=50 ms
[2026-06-03 16:56:37] [INFO] [start] 警报调度任务已启动，活跃警报数=0
[2026-06-03 17:44:27] [INFO] [stopFoupAlarmSyncTimer] FOUP 告警状态刷新定时器已停止
[2026-06-03 17:44:27] [INFO] [stop] 警报调度任务已停止
[2026-06-03 17:44:34] [INFO] 汇总计时器AlarmSummaryTimer开启。。。
[2026-06-03 17:44:34] [INFO] [startSummaryTimer] Summary timer started, interval=60000 ms
[2026-06-03 17:44:34] [INFO] [AlarmDispatchTask] 警报调度任务已构造
[2026-06-03 17:44:34] [INFO] [loadActiveFromDb] 从数据库恢复 0 条未解决警报
[2026-06-03 17:44:34] [INFO] [startFoupAlarmSyncTimer] FOUP 告警状态刷新定时器已启动，interval=50 ms
[2026-06-03 17:44:34] [INFO] [start] 警报调度任务已启动，活跃警报数=0
[2026-06-03 17:45:01] [INFO] [stopFoupAlarmSyncTimer] FOUP 告警状态刷新定时器已停止
[2026-06-03 17:45:01] [INFO] [stop] 警报调度任务已停止
