[2026-06-03 08:42:28] [INFO] [scheduler][NetworkStatusTask][Summary][start]：网络状态任务启动，设备总数=80
[2026-06-03 08:42:28] [INFO] [scheduler][NetworkStatusTask][Summary][start]：初始化检查任务已启动
[2026-06-03 08:42:28] [INFO] [scheduler][NetworkStatusTask][Summary][start]：已批量启动自动重连，成功=80/80，失败=0
[2026-06-03 08:42:28] [INFO] [scheduler][NetworkStatusTask][Summary][start]：初始连接状态汇总：已连接=0，连接中=79，已断开=1，错误=0
[2026-06-03 08:42:28] [INFO] [scheduler][NetworkStatusTask][Summary][start]：网络状态任务启动完成，监听设备数=80
[2026-06-03 08:44:56] [INFO] [scheduler][NetworkStatusTask][Summary][disconnectAll]：断开所有信号连接（statusChanged=80, commandFinished=0），总数=80
[2026-06-03 08:44:56] [INFO] [scheduler][NetworkStatusTask][Summary][stop]：网络状态任务已停止
[2026-06-03 08:44:59] [INFO] [scheduler][NetworkStatusTask][Summary][start]：网络状态任务启动，设备总数=80
[2026-06-03 08:44:59] [INFO] [scheduler][NetworkStatusTask][Summary][start]：初始化检查任务已启动
[2026-06-03 08:45:00] [INFO] [scheduler][NetworkStatusTask][Summary][start]：已批量启动自动重连，成功=80/80，失败=0
[2026-06-03 08:45:00] [INFO] [scheduler][NetworkStatusTask][Summary][start]：初始连接状态汇总：已连接=0，连接中=80，已断开=0，错误=0
[2026-06-03 08:45:00] [INFO] [scheduler][NetworkStatusTask][Summary][start]：网络状态任务启动完成，监听设备数=80
[2026-06-03 08:45:15] [INFO] [scheduler][NetworkStatusTask][Summary][disconnectAll]：断开所有信号连接（statusChanged=80, commandFinished=0），总数=80
[2026-06-03 08:45:15] [INFO] [scheduler][NetworkStatusTask][Summary][stop]：网络状态任务已停止
[2026-06-03 08:45:18] [INFO] [scheduler][NetworkStatusTask][Summary][start]：网络状态任务启动，设备总数=80
[2026-06-03 08:45:18] [INFO] [scheduler][NetworkStatusTask][Summary][start]：初始化检查任务已启动
[2026-06-03 08:45:18] [INFO] [scheduler][NetworkStatusTask][Summary][start]：已批量启动自动重连，成功=80/80，失败=0
[2026-06-03 08:45:18] [INFO] [scheduler][NetworkStatusTask][Summary][start]：初始连接状态汇总：已连接=0，连接中=80，已断开=0，错误=0
[2026-06-03 08:45:18] [INFO] [scheduler][NetworkStatusTask][Summary][start]：网络状态任务启动完成，监听设备数=80
[2026-06-03 08:45:29] [INFO] [scheduler][NetworkStatusTask][Summary][onInitCheckFinished]：初始化检查完成，总数=80，成功=0，失败=80，失败设备=12012,12002,12005,12015,12006,12016,12011,12001,12004,12042,12017,12018,12019,12009,12013,12014,12021,12008,12007,12027,12045,12038,12033,12020,12041,12040,12039,12036,12035,12031,12030,12043,12037,12028,12034,12046,12026,12003,12032,12022,12029,12049,12023,12078,12059,12048,12068,12051,12061,12067,12010,12064,12069,12057,12044,12074,12050,12080,12071,12060,12053,12062,12063,12055,12065,12047,12066,12056,12052,12072,12073,12058,12070,12075,12076,12077,12024,12079,12025,12054
[2026-06-03 08:53:39] [INFO] [scheduler][NetworkStatusTask][Summary][disconnectAll]：断开所有信号连接（statusChanged=80, commandFinished=80），总数=160
[2026-06-03 08:53:39] [INFO] [scheduler][NetworkStatusTask][Summary][stop]：网络状态任务已停止
[2026-06-03 09:00:21] [INFO] [scheduler][NetworkStatusTask][Summary][start]：网络状态任务启动，设备总数=80
[2026-06-03 09:00:21] [INFO] [scheduler][NetworkStatusTask][Summary][start]：初始化检查任务已启动
[2026-06-03 09:00:21] [INFO] [scheduler][NetworkStatusTask][Summary][start]：已批量启动自动重连，成功=80/80，失败=0
[2026-06-03 09:00:21] [INFO] [scheduler][NetworkStatusTask][Summary][start]：初始连接状态汇总：已连接=72，连接中=6，已断开=2，错误=0
[2026-06-03 09:00:21] [INFO] [scheduler][NetworkStatusTask][Summary][start]：网络状态任务启动完成，监听设备数=80
[2026-06-03 09:00:29] [INFO] [scheduler][NetworkStatusTask][Summary][onInitCheckFinished]：初始化检查完成，总数=80，成功=0，失败=80，失败设备=12013,12005,12006,12007,12001,12014,12008,12024,12030,12015,12012,12010,12011,12009,12003,12021,12017,12022,12016,12023,12019,12020,12004,12018,12002,12040,12051,12053,12055,12044,12079,12061,12072,12069,12060,12076,12063,12036,12048,12068,12064,12071,12065,12067,12059,12074,12056,12062,12073,12031,12077,12035,12066,12039,12028,12047,12038,12032,12058,12041,12042,12070,12046,12045,12027,12037,12043,12052,12034,12029,12075,12033,12057,12050,12025,12054,12080,12026,12049,12078
[2026-06-03 09:00:42] [INFO] [scheduler][NetworkStatusTask][Summary][disconnectAll]：断开所有信号连接（statusChanged=80, commandFinished=80），总数=160
[2026-06-03 09:00:42] [INFO] [scheduler][NetworkStatusTask][Summary][stop]：网络状态任务已停止
[2026-06-03 09:02:17] [INFO] [scheduler][NetworkStatusTask][Summary][start]：网络状态任务启动，设备总数=80
[2026-06-03 09:02:17] [INFO] [scheduler][NetworkStatusTask][Summary][start]：初始化检查任务已启动
[2026-06-03 09:02:17] [INFO] [scheduler][NetworkStatusTask][Summary][start]：已批量启动自动重连，成功=80/80，失败=0
[2026-06-03 09:02:17] [INFO] [scheduler][NetworkStatusTask][Summary][start]：初始连接状态汇总：已连接=77，连接中=3，已断开=0，错误=0
[2026-06-03 09:02:17] [INFO] [scheduler][NetworkStatusTask][Summary][start]：网络状态任务启动完成，监听设备数=80
[2026-06-03 09:02:25] [INFO] [scheduler][NetworkStatusTask][Summary][onInitCheckFinished]：初始化检查完成，总数=80，成功=0，失败=80，失败设备=12003,12007,12006,12001,12005,12021,12015,12002,12025,12027,12038,12039,12034,12036,12032,12041,12033,12026,12037,12023,12029,12043,12024,12018,12022,12030,12020,12035,12028,12031,12016,12017,12012,12014,12010,12019,12011,12004,12008,12013,12009,12040,12047,12044,12042,12051,12050,12049,12046,12048,12060,12064,12063,12055,12053,12057,12056,12061,12059,12054,12065,12066,12062,12058,12045,12069,12052,12073,12072,12071,12068,12070,12079,12075,12077,12078,12076,12080,12067,12074
[2026-06-03 09:10:39] [INFO] [scheduler][NetworkStatusTask][Summary][disconnectAll]：断开所有信号连接（statusChanged=80, commandFinished=80），总数=160
[2026-06-03 09:10:39] [INFO] [scheduler][NetworkStatusTask][Summary][stop]：网络状态任务已停止
[2026-06-03 09:10:55] [INFO] [scheduler][NetworkStatusTask][Summary][start]：网络状态任务启动，设备总数=80
[2026-06-03 09:10:55] [INFO] [scheduler][NetworkStatusTask][Summary][start]：初始化检查任务已启动
[2026-06-03 09:10:55] [INFO] [scheduler][NetworkStatusTask][Summary][start]：已批量启动自动重连，成功=80/80，失败=0
[2026-06-03 09:10:55] [INFO] [scheduler][NetworkStatusTask][Summary][start]：初始连接状态汇总：已连接=65，连接中=6，已断开=9，错误=0
[2026-06-03 09:10:55] [INFO] [scheduler][NetworkStatusTask][Summary][start]：网络状态任务启动完成，监听设备数=80
[2026-06-03 09:11:03] [INFO] [scheduler][NetworkStatusTask][Summary][onInitCheckFinished]：初始化检查完成，总数=80，成功=0，失败=80，失败设备=12016,12004,12005,12006,12002,12017,12011,12007,12015,12003,12012,12014,12001,12008,12018,12020,12021,12026,12019,12023,12033,12027,12042,12028,12025,12039,12022,12030,12029,12024,12031,12032,12035,12050,12036,12040,12013,12038,12010,12041,12045,12043,12009,12049,12044,12055,12037,12034,12057,12061,12058,12062,12052,12054,12064,12046,12047,12048,12066,12053,12071,12070,12074,12075,12080,12076,12069,12072,12073,12077,12060,12056,12067,12079,12065,12059,12063,12068,12051,12078
[2026-06-03 09:43:27] [INFO] [scheduler][NetworkStatusTask][Summary][disconnectAll]：断开所有信号连接（statusChanged=80, commandFinished=79），总数=159
[2026-06-03 09:43:27] [INFO] [scheduler][NetworkStatusTask][Summary][stop]：网络状态任务已停止
[2026-06-03 09:46:06] [INFO] [scheduler][NetworkStatusTask][Summary][start]：网络状态任务启动，设备总数=80
[2026-06-03 09:46:06] [INFO] [scheduler][NetworkStatusTask][Summary][start]：初始化检查任务已启动
[2026-06-03 09:46:06] [INFO] [scheduler][NetworkStatusTask][Summary][start]：已批量启动自动重连，成功=80/80，失败=0
[2026-06-03 09:46:06] [INFO] [scheduler][NetworkStatusTask][Summary][start]：初始连接状态汇总：已连接=50，连接中=19，已断开=11，错误=0
[2026-06-03 09:46:06] [INFO] [scheduler][NetworkStatusTask][Summary][start]：网络状态任务启动完成，监听设备数=80
[2026-06-03 09:46:12] [INFO] [scheduler][NetworkStatusTask][Summary][disconnectAll]：断开所有信号连接（statusChanged=80, commandFinished=80），总数=160
[2026-06-03 09:46:12] [INFO] [scheduler][NetworkStatusTask][Summary][stop]：网络状态任务已停止
[2026-06-03 14:55:24] [INFO] [scheduler][NetworkStatusTask][Summary][start]：网络状态任务启动，设备总数=80
[2026-06-03 14:55:24] [INFO] [scheduler][NetworkStatusTask][Summary][start]：初始化检查任务已启动
[2026-06-03 14:55:24] [INFO] [scheduler][NetworkStatusTask][Summary][start]：已批量启动自动重连，成功=80/80，失败=0
[2026-06-03 14:55:24] [INFO] [scheduler][NetworkStatusTask][Summary][start]：初始连接状态汇总：已连接=0，连接中=22，已断开=58，错误=0
[2026-06-03 14:55:24] [INFO] [scheduler][NetworkStatusTask][Summary][start]：网络状态任务启动完成，监听设备数=80
[2026-06-03 14:55:33] [INFO] [scheduler][NetworkStatusTask][Summary][onInitCheckFinished]：初始化检查完成，总数=80，成功=0，失败=80，失败设备=12019,12068,12010,12001,12008,12009,12059,12006,12071,12013,12041,12018,12004,12042,12007,12012,12014,12016,12022,12011,12037,12050,12005,12015,12064,12049,12044,12039,12024,12003,12056,12070,12021,12060,12073,12063,12020,12027,12066,12017,12046,12043,12002,12067,12075,12034,12038,12061,12029,12032,12077,12080,12057,12026,12028,12062,12078,12065,12025,12045,12074,12053,12076,12052,12031,12036,12051,12079,12048,12047,12023,12072,12055,12054,12040,12030,12058,12035,12069,12033
[2026-06-03 16:56:30] [INFO] [scheduler][NetworkStatusTask][Summary][disconnectAll]：断开所有信号连接（statusChanged=80, commandFinished=80），总数=160
[2026-06-03 16:56:30] [INFO] [scheduler][NetworkStatusTask][Summary][stop]：网络状态任务已停止
[2026-06-03 16:56:37] [INFO] [scheduler][NetworkStatusTask][Summary][start]：网络状态任务启动，设备总数=80
[2026-06-03 16:56:37] [INFO] [scheduler][NetworkStatusTask][Summary][start]：初始化检查任务已启动
[2026-06-03 16:56:37] [INFO] [scheduler][NetworkStatusTask][Summary][start]：已批量启动自动重连，成功=80/80，失败=0
[2026-06-03 16:56:37] [INFO] [scheduler][NetworkStatusTask][Summary][start]：初始连接状态汇总：已连接=68，连接中=10，已断开=2，错误=0
[2026-06-03 16:56:37] [INFO] [scheduler][NetworkStatusTask][Summary][start]：网络状态任务启动完成，监听设备数=80
[2026-06-03 16:56:45] [INFO] [scheduler][NetworkStatusTask][Summary][onInitCheckFinished]：初始化检查完成，总数=80，成功=0，失败=80，失败设备=12003,12021,12001,12016,12035,12037,12036,12024,12027,12019,12026,12022,12028,12017,12025,12018,12020,12029,12031,12032,12030,12023,12012,12011,12013,12015,12014,12002,12043,12005,12004,12038,12039,12006,12041,12047,12040,12044,12007,12042,12009,12010,12008,12034,12033,12048,12049,12051,12058,12057,12059,12045,12046,12060,12054,12061,12050,12062,12052,12053,12056,12055,12064,12063,12065,12072,12071,12070,12073,12069,12066,12080,12067,12076,12077,12078,12068,12075,12074,12079
[2026-06-03 17:44:28] [INFO] [scheduler][NetworkStatusTask][Summary][disconnectAll]：断开所有信号连接（statusChanged=80, commandFinished=80），总数=160
[2026-06-03 17:44:28] [INFO] [scheduler][NetworkStatusTask][Summary][stop]：网络状态任务已停止
[2026-06-03 17:44:34] [INFO] [scheduler][NetworkStatusTask][Summary][start]：网络状态任务启动，设备总数=80
[2026-06-03 17:44:34] [INFO] [scheduler][NetworkStatusTask][Summary][start]：初始化检查任务已启动
[2026-06-03 17:44:35] [INFO] [scheduler][NetworkStatusTask][Summary][start]：已批量启动自动重连，成功=80/80，失败=0
[2026-06-03 17:44:35] [INFO] [scheduler][NetworkStatusTask][Summary][start]：初始连接状态汇总：已连接=63，连接中=12，已断开=5，错误=0
[2026-06-03 17:44:35] [INFO] [scheduler][NetworkStatusTask][Summary][start]：网络状态任务启动完成，监听设备数=80
[2026-06-03 17:44:43] [INFO] [scheduler][NetworkStatusTask][Summary][onInitCheckFinished]：初始化检查完成，总数=80，成功=0，失败=80，失败设备=12002,12029,12022,12011,12001,12016,12030,12015,12005,12031,12013,12025,12018,12032,12014,12019,12020,12006,12024,12033,12023,12027,12048,12012,12039,12003,12004,12009,12037,12010,12038,12045,12041,12008,12035,12028,12055,12040,12042,12049,12046,12036,12007,12043,12044,12056,12017,12047,12026,12053,12059,12067,12054,12060,12063,12052,12050,12057,12077,12062,12064,12071,12068,12058,12051,12021,12066,12078,12069,12070,12061,12075,12074,12076,12072,12079,12080,12073,12065,12034
[2026-06-03 17:45:01] [INFO] [scheduler][NetworkStatusTask][Summary][disconnectAll]：断开所有信号连接（statusChanged=80, commandFinished=80），总数=160
[2026-06-03 17:45:01] [INFO] [scheduler][NetworkStatusTask][Summary][stop]：网络状态任务已停止
